C:/Users/chris/Stm32H723NucleoPtpExample/LwIP_HTTP_Server_Socket_RTOS/Middlewares/Third_Party/LwIP/src/core/mem.c:516:1:mem_init	8	static
C:/Users/chris/Stm32H723NucleoPtpExample/LwIP_HTTP_Server_Socket_RTOS/Middlewares/Third_Party/LwIP/src/core/mem.c:617:1:mem_free	24	static
C:/Users/chris/Stm32H723NucleoPtpExample/LwIP_HTTP_Server_Socket_RTOS/Middlewares/Third_Party/LwIP/src/core/mem.c:699:1:mem_trim	32	static
C:/Users/chris/Stm32H723NucleoPtpExample/LwIP_HTTP_Server_Socket_RTOS/Middlewares/Third_Party/LwIP/src/core/mem.c:831:1:mem_malloc	32	static
C:/Users/chris/Stm32H723NucleoPtpExample/LwIP_HTTP_Server_Socket_RTOS/Middlewares/Third_Party/LwIP/src/core/mem.c:999:1:mem_calloc	16	static
