C:/Users/chris/Stm32H723NucleoPtpExample/LwIP_HTTP_Server_Socket_RTOS/Middlewares/Third_Party/LwIP/src/core/memp.c:245:1:do_memp_malloc_pool	16	static
C:/Users/chris/Stm32H723NucleoPtpExample/LwIP_HTTP_Server_Socket_RTOS/Middlewares/Third_Party/LwIP/src/core/memp.c:175:1:memp_init_pool	8	static
C:/Users/chris/Stm32H723NucleoPtpExample/LwIP_HTTP_Server_Socket_RTOS/Middlewares/Third_Party/LwIP/src/core/memp.c:224:1:memp_init	20	static
C:/Users/chris/Stm32H723NucleoPtpExample/LwIP_HTTP_Server_Socket_RTOS/Middlewares/Third_Party/LwIP/src/core/memp.c:311:1:memp_malloc_pool	8	static
C:/Users/chris/Stm32H723NucleoPtpExample/LwIP_HTTP_Server_Socket_RTOS/Middlewares/Third_Party/LwIP/src/core/memp.c:337:1:memp_malloc	8	static
C:/Users/chris/Stm32H723NucleoPtpExample/LwIP_HTTP_Server_Socket_RTOS/Middlewares/Third_Party/LwIP/src/core/memp.c:403:1:memp_free_pool	16	static
C:/Users/chris/Stm32H723NucleoPtpExample/LwIP_HTTP_Server_Socket_RTOS/Middlewares/Third_Party/LwIP/src/core/memp.c:420:1:memp_free	16	static
