C:/Users/chris/Stm32H723NucleoPtpExample/LwIP_HTTP_Server_Socket_RTOS/Middlewares/Third_Party/LwIP/src/core/tcp_in.c:1051:1:tcp_oos_insert_segment	24	static
C:/Users/chris/Stm32H723NucleoPtpExample/LwIP_HTTP_Server_Socket_RTOS/Middlewares/Third_Party/LwIP/src/core/tcp_in.c:600:1:tcp_input_delayed_close	8	static
C:/Users/chris/Stm32H723NucleoPtpExample/LwIP_HTTP_Server_Socket_RTOS/Middlewares/Third_Party/LwIP/src/core/tcp_in.c:1088:1:tcp_free_acked_segments.constprop	40	static
C:/Users/chris/Stm32H723NucleoPtpExample/LwIP_HTTP_Server_Socket_RTOS/Middlewares/Third_Party/LwIP/src/core/tcp_in.c:1141:1:tcp_receive	40	static
C:/Users/chris/Stm32H723NucleoPtpExample/LwIP_HTTP_Server_Socket_RTOS/Middlewares/Third_Party/LwIP/src/core/tcp_in.c:1909:1:tcp_parseopt	24	static
C:/Users/chris/Stm32H723NucleoPtpExample/LwIP_HTTP_Server_Socket_RTOS/Middlewares/Third_Party/LwIP/src/core/tcp_in.c:118:1:tcp_input	64	static
C:/Users/chris/Stm32H723NucleoPtpExample/LwIP_HTTP_Server_Socket_RTOS/Middlewares/Third_Party/LwIP/src/core/tcp_in.c:2029:1:tcp_trigger_input_pcb_close	0	static
