C:/Users/chris/Stm32H723NucleoPtpExample/LwIP_HTTP_Server_Socket_RTOS/Src/ethernetif.c:178:17:SubsecondToNanosecond	32	static
C:/Users/chris/Stm32H723NucleoPtpExample/LwIP_HTTP_Server_Socket_RTOS/Src/ethernetif.c:185:10:NanosecondToSubsecond	32	static
C:/Users/chris/Stm32H723NucleoPtpExample/LwIP_HTTP_Server_Socket_RTOS/Src/ethernetif.c:192:6:ethernetif_GetTxTimestamp	24	static
C:/Users/chris/Stm32H723NucleoPtpExample/LwIP_HTTP_Server_Socket_RTOS/Src/ethernetif.c:205:6:ethernetif_SetTime	24	static
C:/Users/chris/Stm32H723NucleoPtpExample/LwIP_HTTP_Server_Socket_RTOS/Src/ethernetif.c:220:6:ethernetif_GetTime	32	static,ignoring_inline_asm
C:/Users/chris/Stm32H723NucleoPtpExample/LwIP_HTTP_Server_Socket_RTOS/Src/ethernetif.c:251:6:ethernetif_PtpFxAdjust	32	static
C:/Users/chris/Stm32H723NucleoPtpExample/LwIP_HTTP_Server_Socket_RTOS/Src/ethernetif.c:265:13:InitMac1588v2	4	static
C:/Users/chris/Stm32H723NucleoPtpExample/LwIP_HTTP_Server_Socket_RTOS/Src/ethernetif.c:327:13:low_level_init	224	static
C:/Users/chris/Stm32H723NucleoPtpExample/LwIP_HTTP_Server_Socket_RTOS/Src/ethernetif.c:485:14:low_level_output	88	static
C:/Users/chris/Stm32H723NucleoPtpExample/LwIP_HTTP_Server_Socket_RTOS/Src/ethernetif.c:574:22:low_level_input	24	static
C:/Users/chris/Stm32H723NucleoPtpExample/LwIP_HTTP_Server_Socket_RTOS/Src/ethernetif.c:592:6:ethernetif_input	32	static
C:/Users/chris/Stm32H723NucleoPtpExample/LwIP_HTTP_Server_Socket_RTOS/Src/ethernetif.c:635:7:ethernetif_init	16	static
C:/Users/chris/Stm32H723NucleoPtpExample/LwIP_HTTP_Server_Socket_RTOS/Src/ethernetif.c:672:6:pbuf_free_custom	24	static
C:/Users/chris/Stm32H723NucleoPtpExample/LwIP_HTTP_Server_Socket_RTOS/Src/ethernetif.c:690:7:sys_now	8	static
C:/Users/chris/Stm32H723NucleoPtpExample/LwIP_HTTP_Server_Socket_RTOS/Src/ethernetif.c:703:6:HAL_ETH_MspInit	64	static
C:/Users/chris/Stm32H723NucleoPtpExample/LwIP_HTTP_Server_Socket_RTOS/Src/ethernetif.c:764:6:HAL_ETH_RxCpltCallback	16	static
C:/Users/chris/Stm32H723NucleoPtpExample/LwIP_HTTP_Server_Socket_RTOS/Src/ethernetif.c:774:6:HAL_ETH_TxCpltCallback	16	static
C:/Users/chris/Stm32H723NucleoPtpExample/LwIP_HTTP_Server_Socket_RTOS/Src/ethernetif.c:784:6:HAL_ETH_ErrorCallback	16	static
C:/Users/chris/Stm32H723NucleoPtpExample/LwIP_HTTP_Server_Socket_RTOS/Src/ethernetif.c:805:9:ETH_PHY_IO_Init	8	static
C:/Users/chris/Stm32H723NucleoPtpExample/LwIP_HTTP_Server_Socket_RTOS/Src/ethernetif.c:822:9:ETH_PHY_IO_DeInit	4	static
C:/Users/chris/Stm32H723NucleoPtpExample/LwIP_HTTP_Server_Socket_RTOS/Src/ethernetif.c:834:9:ETH_PHY_IO_ReadReg	24	static
C:/Users/chris/Stm32H723NucleoPtpExample/LwIP_HTTP_Server_Socket_RTOS/Src/ethernetif.c:851:9:ETH_PHY_IO_WriteReg	24	static
C:/Users/chris/Stm32H723NucleoPtpExample/LwIP_HTTP_Server_Socket_RTOS/Src/ethernetif.c:865:9:ETH_PHY_IO_GetTick	8	static
C:/Users/chris/Stm32H723NucleoPtpExample/LwIP_HTTP_Server_Socket_RTOS/Src/ethernetif.c:875:6:ethernet_link_thread	136	static
C:/Users/chris/Stm32H723NucleoPtpExample/LwIP_HTTP_Server_Socket_RTOS/Src/ethernetif.c:938:6:HAL_ETH_RxAllocateCallback	32	static
C:/Users/chris/Stm32H723NucleoPtpExample/LwIP_HTTP_Server_Socket_RTOS/Src/ethernetif.c:958:6:HAL_ETH_RxLinkCallback	56	static,ignoring_inline_asm
C:/Users/chris/Stm32H723NucleoPtpExample/LwIP_HTTP_Server_Socket_RTOS/Src/ethernetif.c:994:6:HAL_ETH_TxFreeCallback	16	static
