C:/Users/chris/Stm32H723NucleoPtpExample/LwIP_HTTP_Server_Socket_RTOS/Src/ethernetif.c:854:9:ETH_PHY_IO_DeInit	0	static
C:/Users/chris/Stm32H723NucleoPtpExample/LwIP_HTTP_Server_Socket_RTOS/Src/ethernetif.c:504:14:low_level_output	88	static,ignoring_inline_asm
C:/Users/chris/Stm32H723NucleoPtpExample/LwIP_HTTP_Server_Socket_RTOS/Src/ethernetif.c:897:9:ETH_PHY_IO_GetTick	0	static
C:/Users/chris/Stm32H723NucleoPtpExample/LwIP_HTTP_Server_Socket_RTOS/Src/ethernetif.c:837:9:ETH_PHY_IO_Init	8	static
C:/Users/chris/Stm32H723NucleoPtpExample/LwIP_HTTP_Server_Socket_RTOS/Src/ethernetif.c:866:9:ETH_PHY_IO_ReadReg	8	static
C:/Users/chris/Stm32H723NucleoPtpExample/LwIP_HTTP_Server_Socket_RTOS/Src/ethernetif.c:883:9:ETH_PHY_IO_WriteReg	8	static
C:/Users/chris/Stm32H723NucleoPtpExample/LwIP_HTTP_Server_Socket_RTOS/Src/ethernetif.c:702:6:pbuf_free_custom	8	static
C:/Users/chris/Stm32H723NucleoPtpExample/LwIP_HTTP_Server_Socket_RTOS/Src/ethernetif.c:622:6:ethernetif_input	56	static
C:/Users/chris/Stm32H723NucleoPtpExample/LwIP_HTTP_Server_Socket_RTOS/Src/ethernetif.c:192:6:ethernetif_GetTxTimestamp	16	static
C:/Users/chris/Stm32H723NucleoPtpExample/LwIP_HTTP_Server_Socket_RTOS/Src/ethernetif.c:205:6:ethernetif_SetTime	8	static
C:/Users/chris/Stm32H723NucleoPtpExample/LwIP_HTTP_Server_Socket_RTOS/Src/ethernetif.c:220:6:ethernetif_GetTime	4	static,ignoring_inline_asm
C:/Users/chris/Stm32H723NucleoPtpExample/LwIP_HTTP_Server_Socket_RTOS/Src/ethernetif.c:251:6:ethernetif_PtpFxAdjust	8	static
C:/Users/chris/Stm32H723NucleoPtpExample/LwIP_HTTP_Server_Socket_RTOS/Src/ethernetif.c:665:7:ethernetif_init	224	static
C:/Users/chris/Stm32H723NucleoPtpExample/LwIP_HTTP_Server_Socket_RTOS/Src/ethernetif.c:720:7:sys_now	0	static
C:/Users/chris/Stm32H723NucleoPtpExample/LwIP_HTTP_Server_Socket_RTOS/Src/ethernetif.c:733:6:HAL_ETH_MspInit	72	static
C:/Users/chris/Stm32H723NucleoPtpExample/LwIP_HTTP_Server_Socket_RTOS/Src/ethernetif.c:794:6:HAL_ETH_RxCpltCallback	0	static
C:/Users/chris/Stm32H723NucleoPtpExample/LwIP_HTTP_Server_Socket_RTOS/Src/ethernetif.c:804:6:HAL_ETH_TxCpltCallback	0	static
C:/Users/chris/Stm32H723NucleoPtpExample/LwIP_HTTP_Server_Socket_RTOS/Src/ethernetif.c:814:6:HAL_ETH_ErrorCallback	8	static
C:/Users/chris/Stm32H723NucleoPtpExample/LwIP_HTTP_Server_Socket_RTOS/Src/ethernetif.c:907:6:ethernet_link_thread	144	static
C:/Users/chris/Stm32H723NucleoPtpExample/LwIP_HTTP_Server_Socket_RTOS/Src/ethernetif.c:970:6:HAL_ETH_RxAllocateCallback	24	static
C:/Users/chris/Stm32H723NucleoPtpExample/LwIP_HTTP_Server_Socket_RTOS/Src/ethernetif.c:991:6:HAL_ETH_RxLinkCallback	8	static,ignoring_inline_asm
C:/Users/chris/Stm32H723NucleoPtpExample/LwIP_HTTP_Server_Socket_RTOS/Src/ethernetif.c:1027:6:HAL_ETH_TxFreeCallback	0	static
