C:/Users/chris/ethptp/LwIP_HTTP_Server_Socket_RTOS/Src/main.c:56:5:main	8	static
C:/Users/chris/ethptp/LwIP_HTTP_Server_Socket_RTOS/Src/main.c:99:6:StartThread	16	static
C:/Users/chris/ethptp/LwIP_HTTP_Server_Socket_RTOS/Src/main.c:122:13:BSP_Config	8	static
C:/Users/chris/ethptp/LwIP_HTTP_Server_Socket_RTOS/Src/main.c:133:13:Netif_Config	40	static
C:/Users/chris/ethptp/LwIP_HTTP_Server_Socket_RTOS/Src/main.c:197:13:SystemClock_Config	136	static
C:/Users/chris/ethptp/LwIP_HTTP_Server_Socket_RTOS/Src/main.c:278:13:MPU_Config	24	static
C:/Users/chris/ethptp/LwIP_HTTP_Server_Socket_RTOS/Src/main.c:341:13:CPU_CACHE_Enable	24	static,ignoring_inline_asm
