C:/Users/chris/Stm32H723NucleoPtpExample/LwIP_HTTP_Server_Socket_RTOS/Src/main.c:56:5:main	1
C:/Users/chris/Stm32H723NucleoPtpExample/LwIP_HTTP_Server_Socket_RTOS/Src/main.c:100:6:StartThread	1
C:/Users/chris/Stm32H723NucleoPtpExample/LwIP_HTTP_Server_Socket_RTOS/Src/main.c:123:13:BSP_Config	1
C:/Users/chris/Stm32H723NucleoPtpExample/LwIP_HTTP_Server_Socket_RTOS/Src/main.c:134:13:Netif_Config	1
C:/Users/chris/Stm32H723NucleoPtpExample/LwIP_HTTP_Server_Socket_RTOS/Src/main.c:198:13:SystemClock_Config	4
C:/Users/chris/Stm32H723NucleoPtpExample/LwIP_HTTP_Server_Socket_RTOS/Src/main.c:279:13:MPU_Config	1
C:/Users/chris/Stm32H723NucleoPtpExample/LwIP_HTTP_Server_Socket_RTOS/Src/main.c:342:13:CPU_CACHE_Enable	5
