C:/Users/chris/Stm32H723NucleoPtpExample/LwIP_HTTP_Server_Socket_RTOS/Src/stm32h7xx_hal_timebase_tim.c:58:19:HAL_InitTick	72	static
C:/Users/chris/Stm32H723NucleoPtpExample/LwIP_HTTP_Server_Socket_RTOS/Src/stm32h7xx_hal_timebase_tim.c:130:6:HAL_SuspendTick	4	static
C:/Users/chris/Stm32H723NucleoPtpExample/LwIP_HTTP_Server_Socket_RTOS/Src/stm32h7xx_hal_timebase_tim.c:142:6:HAL_ResumeTick	4	static
C:/Users/chris/Stm32H723NucleoPtpExample/LwIP_HTTP_Server_Socket_RTOS/Src/stm32h7xx_hal_timebase_tim.c:156:6:HAL_TIM_PeriodElapsedCallback	16	static
C:/Users/chris/Stm32H723NucleoPtpExample/LwIP_HTTP_Server_Socket_RTOS/Src/stm32h7xx_hal_timebase_tim.c:169:6:TIM6_DAC_IRQHandler	8	static
