C:/Users/chris/Stm32H723NucleoPtpExample/LwIP_HTTP_Server_Socket_RTOS/Drivers/STM32H7xx_HAL_Driver/Src/stm32h7xx_hal_eth.c:1295:13:HAL_ETH_RxLinkCallback	0	static
C:/Users/chris/Stm32H723NucleoPtpExample/LwIP_HTTP_Server_Socket_RTOS/Drivers/STM32H7xx_HAL_Driver/Src/stm32h7xx_hal_eth.c:1854:13:HAL_ETH_TxPtpCallback	0	static
C:/Users/chris/Stm32H723NucleoPtpExample/LwIP_HTTP_Server_Socket_RTOS/Drivers/STM32H7xx_HAL_Driver/Src/stm32h7xx_hal_eth.c:2799:13:ETH_SetMACConfig	8	static
C:/Users/chris/Stm32H723NucleoPtpExample/LwIP_HTTP_Server_Socket_RTOS/Drivers/STM32H7xx_HAL_Driver/Src/stm32h7xx_hal_eth.c:2876:13:ETH_SetDMAConfig	4	static
C:/Users/chris/Stm32H723NucleoPtpExample/LwIP_HTTP_Server_Socket_RTOS/Drivers/STM32H7xx_HAL_Driver/Src/stm32h7xx_hal_eth.c:3074:17:ETH_Prepare_Tx_Descriptors	56	static,ignoring_inline_asm
C:/Users/chris/Stm32H723NucleoPtpExample/LwIP_HTTP_Server_Socket_RTOS/Drivers/STM32H7xx_HAL_Driver/Src/stm32h7xx_hal_eth.c:1278:13:HAL_ETH_RxAllocateCallback	0	static
C:/Users/chris/Stm32H723NucleoPtpExample/LwIP_HTTP_Server_Socket_RTOS/Drivers/STM32H7xx_HAL_Driver/Src/stm32h7xx_hal_eth.c:1164:13:ETH_UpdateDescriptor	32	static,ignoring_inline_asm
C:/Users/chris/Stm32H723NucleoPtpExample/LwIP_HTTP_Server_Socket_RTOS/Drivers/STM32H7xx_HAL_Driver/Src/stm32h7xx_hal_eth.c:1397:13:HAL_ETH_TxFreeCallback	0	static
C:/Users/chris/Stm32H723NucleoPtpExample/LwIP_HTTP_Server_Socket_RTOS/Drivers/STM32H7xx_HAL_Driver/Src/stm32h7xx_hal_eth.c:467:13:HAL_ETH_MspInit	0	static
C:/Users/chris/Stm32H723NucleoPtpExample/LwIP_HTTP_Server_Socket_RTOS/Drivers/STM32H7xx_HAL_Driver/Src/stm32h7xx_hal_eth.c:482:13:HAL_ETH_MspDeInit	0	static
C:/Users/chris/Stm32H723NucleoPtpExample/LwIP_HTTP_Server_Socket_RTOS/Drivers/STM32H7xx_HAL_Driver/Src/stm32h7xx_hal_eth.c:434:19:HAL_ETH_DeInit	8	static
C:/Users/chris/Stm32H723NucleoPtpExample/LwIP_HTTP_Server_Socket_RTOS/Drivers/STM32H7xx_HAL_Driver/Src/stm32h7xx_hal_eth.c:717:19:HAL_ETH_Start	16	static
C:/Users/chris/Stm32H723NucleoPtpExample/LwIP_HTTP_Server_Socket_RTOS/Drivers/STM32H7xx_HAL_Driver/Src/stm32h7xx_hal_eth.c:763:19:HAL_ETH_Start_IT	16	static
C:/Users/chris/Stm32H723NucleoPtpExample/LwIP_HTTP_Server_Socket_RTOS/Drivers/STM32H7xx_HAL_Driver/Src/stm32h7xx_hal_eth.c:819:19:HAL_ETH_Stop	8	static
C:/Users/chris/Stm32H723NucleoPtpExample/LwIP_HTTP_Server_Socket_RTOS/Drivers/STM32H7xx_HAL_Driver/Src/stm32h7xx_hal_eth.c:858:19:HAL_ETH_Stop_IT	4	static
C:/Users/chris/Stm32H723NucleoPtpExample/LwIP_HTTP_Server_Socket_RTOS/Drivers/STM32H7xx_HAL_Driver/Src/stm32h7xx_hal_eth.c:919:19:HAL_ETH_Transmit	24	static,ignoring_inline_asm
C:/Users/chris/Stm32H723NucleoPtpExample/LwIP_HTTP_Server_Socket_RTOS/Drivers/STM32H7xx_HAL_Driver/Src/stm32h7xx_hal_eth.c:994:19:HAL_ETH_Transmit_IT	8	static,ignoring_inline_asm
C:/Users/chris/Stm32H723NucleoPtpExample/LwIP_HTTP_Server_Socket_RTOS/Drivers/STM32H7xx_HAL_Driver/Src/stm32h7xx_hal_eth.c:1040:19:HAL_ETH_ReadData	56	static
C:/Users/chris/Stm32H723NucleoPtpExample/LwIP_HTTP_Server_Socket_RTOS/Drivers/STM32H7xx_HAL_Driver/Src/stm32h7xx_hal_eth.c:1244:19:HAL_ETH_RegisterRxAllocateCallback	0	static
C:/Users/chris/Stm32H723NucleoPtpExample/LwIP_HTTP_Server_Socket_RTOS/Drivers/STM32H7xx_HAL_Driver/Src/stm32h7xx_hal_eth.c:1265:19:HAL_ETH_UnRegisterRxAllocateCallback	0	static
C:/Users/chris/Stm32H723NucleoPtpExample/LwIP_HTTP_Server_Socket_RTOS/Drivers/STM32H7xx_HAL_Driver/Src/stm32h7xx_hal_eth.c:1314:19:HAL_ETH_RegisterRxLinkCallback	0	static
C:/Users/chris/Stm32H723NucleoPtpExample/LwIP_HTTP_Server_Socket_RTOS/Drivers/STM32H7xx_HAL_Driver/Src/stm32h7xx_hal_eth.c:1334:19:HAL_ETH_UnRegisterRxLinkCallback	0	static
C:/Users/chris/Stm32H723NucleoPtpExample/LwIP_HTTP_Server_Socket_RTOS/Drivers/STM32H7xx_HAL_Driver/Src/stm32h7xx_hal_eth.c:1349:19:HAL_ETH_GetRxDataErrorCode	0	static
C:/Users/chris/Stm32H723NucleoPtpExample/LwIP_HTTP_Server_Socket_RTOS/Drivers/STM32H7xx_HAL_Driver/Src/stm32h7xx_hal_eth.c:1364:19:HAL_ETH_RegisterTxFreeCallback	0	static
C:/Users/chris/Stm32H723NucleoPtpExample/LwIP_HTTP_Server_Socket_RTOS/Drivers/STM32H7xx_HAL_Driver/Src/stm32h7xx_hal_eth.c:1384:19:HAL_ETH_UnRegisterTxFreeCallback	0	static
C:/Users/chris/Stm32H723NucleoPtpExample/LwIP_HTTP_Server_Socket_RTOS/Drivers/STM32H7xx_HAL_Driver/Src/stm32h7xx_hal_eth.c:1412:19:HAL_ETH_ReleaseTxPacket	32	static
C:/Users/chris/Stm32H723NucleoPtpExample/LwIP_HTTP_Server_Socket_RTOS/Drivers/STM32H7xx_HAL_Driver/Src/stm32h7xx_hal_eth.c:1511:19:HAL_ETH_PTP_SetConfig	8	static
C:/Users/chris/Stm32H723NucleoPtpExample/LwIP_HTTP_Server_Socket_RTOS/Drivers/STM32H7xx_HAL_Driver/Src/stm32h7xx_hal_eth.c:1579:19:HAL_ETH_PTP_GetConfig	4	static
C:/Users/chris/Stm32H723NucleoPtpExample/LwIP_HTTP_Server_Socket_RTOS/Drivers/STM32H7xx_HAL_Driver/Src/stm32h7xx_hal_eth.c:1629:19:HAL_ETH_PTP_SetTime	4	static
C:/Users/chris/Stm32H723NucleoPtpExample/LwIP_HTTP_Server_Socket_RTOS/Drivers/STM32H7xx_HAL_Driver/Src/stm32h7xx_hal_eth.c:1660:19:HAL_ETH_PTP_GetTime	0	static
C:/Users/chris/Stm32H723NucleoPtpExample/LwIP_HTTP_Server_Socket_RTOS/Drivers/STM32H7xx_HAL_Driver/Src/stm32h7xx_hal_eth.c:1687:19:HAL_ETH_PTP_AddTimeOffset	0	static
C:/Users/chris/Stm32H723NucleoPtpExample/LwIP_HTTP_Server_Socket_RTOS/Drivers/STM32H7xx_HAL_Driver/Src/stm32h7xx_hal_eth.c:1734:19:HAL_ETH_PTP_InsertTxTimestamp	0	static
C:/Users/chris/Stm32H723NucleoPtpExample/LwIP_HTTP_Server_Socket_RTOS/Drivers/STM32H7xx_HAL_Driver/Src/stm32h7xx_hal_eth.c:1763:19:HAL_ETH_PTP_GetTxTimestamp	0	static
C:/Users/chris/Stm32H723NucleoPtpExample/LwIP_HTTP_Server_Socket_RTOS/Drivers/STM32H7xx_HAL_Driver/Src/stm32h7xx_hal_eth.c:1794:19:HAL_ETH_PTP_GetRxTimestamp	0	static
C:/Users/chris/Stm32H723NucleoPtpExample/LwIP_HTTP_Server_Socket_RTOS/Drivers/STM32H7xx_HAL_Driver/Src/stm32h7xx_hal_eth.c:1820:19:HAL_ETH_RegisterTxPtpCallback	0	static
C:/Users/chris/Stm32H723NucleoPtpExample/LwIP_HTTP_Server_Socket_RTOS/Drivers/STM32H7xx_HAL_Driver/Src/stm32h7xx_hal_eth.c:1839:19:HAL_ETH_UnRegisterTxPtpCallback	0	static
C:/Users/chris/Stm32H723NucleoPtpExample/LwIP_HTTP_Server_Socket_RTOS/Drivers/STM32H7xx_HAL_Driver/Src/stm32h7xx_hal_eth.c:2056:13:HAL_ETH_TxCpltCallback	0	static
C:/Users/chris/Stm32H723NucleoPtpExample/LwIP_HTTP_Server_Socket_RTOS/Drivers/STM32H7xx_HAL_Driver/Src/stm32h7xx_hal_eth.c:2071:13:HAL_ETH_RxCpltCallback	0	static
C:/Users/chris/Stm32H723NucleoPtpExample/LwIP_HTTP_Server_Socket_RTOS/Drivers/STM32H7xx_HAL_Driver/Src/stm32h7xx_hal_eth.c:2086:13:HAL_ETH_ErrorCallback	0	static
C:/Users/chris/Stm32H723NucleoPtpExample/LwIP_HTTP_Server_Socket_RTOS/Drivers/STM32H7xx_HAL_Driver/Src/stm32h7xx_hal_eth.c:2101:13:HAL_ETH_PMTCallback	0	static
C:/Users/chris/Stm32H723NucleoPtpExample/LwIP_HTTP_Server_Socket_RTOS/Drivers/STM32H7xx_HAL_Driver/Src/stm32h7xx_hal_eth.c:2116:13:HAL_ETH_EEECallback	0	static
C:/Users/chris/Stm32H723NucleoPtpExample/LwIP_HTTP_Server_Socket_RTOS/Drivers/STM32H7xx_HAL_Driver/Src/stm32h7xx_hal_eth.c:2131:13:HAL_ETH_WakeUpCallback	0	static
C:/Users/chris/Stm32H723NucleoPtpExample/LwIP_HTTP_Server_Socket_RTOS/Drivers/STM32H7xx_HAL_Driver/Src/stm32h7xx_hal_eth.c:1870:6:HAL_ETH_IRQHandler	24	static
C:/Users/chris/Stm32H723NucleoPtpExample/LwIP_HTTP_Server_Socket_RTOS/Drivers/STM32H7xx_HAL_Driver/Src/stm32h7xx_hal_eth.c:2149:19:HAL_ETH_ReadPHYRegister	16	static
C:/Users/chris/Stm32H723NucleoPtpExample/LwIP_HTTP_Server_Socket_RTOS/Drivers/STM32H7xx_HAL_Driver/Src/stm32h7xx_hal_eth.c:2204:19:HAL_ETH_WritePHYRegister	16	static
C:/Users/chris/Stm32H723NucleoPtpExample/LwIP_HTTP_Server_Socket_RTOS/Drivers/STM32H7xx_HAL_Driver/Src/stm32h7xx_hal_eth.c:2276:19:HAL_ETH_GetMACConfig	4	static
C:/Users/chris/Stm32H723NucleoPtpExample/LwIP_HTTP_Server_Socket_RTOS/Drivers/STM32H7xx_HAL_Driver/Src/stm32h7xx_hal_eth.c:2348:19:HAL_ETH_GetDMAConfig	4	static
C:/Users/chris/Stm32H723NucleoPtpExample/LwIP_HTTP_Server_Socket_RTOS/Drivers/STM32H7xx_HAL_Driver/Src/stm32h7xx_hal_eth.c:2382:19:HAL_ETH_SetMACConfig	8	static
C:/Users/chris/Stm32H723NucleoPtpExample/LwIP_HTTP_Server_Socket_RTOS/Drivers/STM32H7xx_HAL_Driver/Src/stm32h7xx_hal_eth.c:2409:19:HAL_ETH_SetDMAConfig	8	static
C:/Users/chris/Stm32H723NucleoPtpExample/LwIP_HTTP_Server_Socket_RTOS/Drivers/STM32H7xx_HAL_Driver/Src/stm32h7xx_hal_eth.c:2434:6:HAL_ETH_SetMDIOClockRange	16	static
C:/Users/chris/Stm32H723NucleoPtpExample/LwIP_HTTP_Server_Socket_RTOS/Drivers/STM32H7xx_HAL_Driver/Src/stm32h7xx_hal_eth.c:308:19:HAL_ETH_Init	168	static
C:/Users/chris/Stm32H723NucleoPtpExample/LwIP_HTTP_Server_Socket_RTOS/Drivers/STM32H7xx_HAL_Driver/Src/stm32h7xx_hal_eth.c:2492:19:HAL_ETH_SetMACFilterConfig	8	static
C:/Users/chris/Stm32H723NucleoPtpExample/LwIP_HTTP_Server_Socket_RTOS/Drivers/STM32H7xx_HAL_Driver/Src/stm32h7xx_hal_eth.c:2526:19:HAL_ETH_GetMACFilterConfig	4	static
C:/Users/chris/Stm32H723NucleoPtpExample/LwIP_HTTP_Server_Socket_RTOS/Drivers/STM32H7xx_HAL_Driver/Src/stm32h7xx_hal_eth.c:2563:19:HAL_ETH_SetSourceMACAddrMatch	0	static
C:/Users/chris/Stm32H723NucleoPtpExample/LwIP_HTTP_Server_Socket_RTOS/Drivers/STM32H7xx_HAL_Driver/Src/stm32h7xx_hal_eth.c:2599:19:HAL_ETH_SetHashTable	0	static
C:/Users/chris/Stm32H723NucleoPtpExample/LwIP_HTTP_Server_Socket_RTOS/Drivers/STM32H7xx_HAL_Driver/Src/stm32h7xx_hal_eth.c:2621:6:HAL_ETH_SetRxVLANIdentifier	0	static
C:/Users/chris/Stm32H723NucleoPtpExample/LwIP_HTTP_Server_Socket_RTOS/Drivers/STM32H7xx_HAL_Driver/Src/stm32h7xx_hal_eth.c:2643:6:HAL_ETH_EnterPowerDownMode	4	static
C:/Users/chris/Stm32H723NucleoPtpExample/LwIP_HTTP_Server_Socket_RTOS/Drivers/STM32H7xx_HAL_Driver/Src/stm32h7xx_hal_eth.c:2665:6:HAL_ETH_ExitPowerDownMode	0	static
C:/Users/chris/Stm32H723NucleoPtpExample/LwIP_HTTP_Server_Socket_RTOS/Drivers/STM32H7xx_HAL_Driver/Src/stm32h7xx_hal_eth.c:2689:19:HAL_ETH_SetWakeUpFilter	0	static
C:/Users/chris/Stm32H723NucleoPtpExample/LwIP_HTTP_Server_Socket_RTOS/Drivers/STM32H7xx_HAL_Driver/Src/stm32h7xx_hal_eth.c:2738:22:HAL_ETH_GetState	0	static
C:/Users/chris/Stm32H723NucleoPtpExample/LwIP_HTTP_Server_Socket_RTOS/Drivers/STM32H7xx_HAL_Driver/Src/stm32h7xx_hal_eth.c:2749:10:HAL_ETH_GetError	0	static
C:/Users/chris/Stm32H723NucleoPtpExample/LwIP_HTTP_Server_Socket_RTOS/Drivers/STM32H7xx_HAL_Driver/Src/stm32h7xx_hal_eth.c:2760:10:HAL_ETH_GetDMAError	0	static
C:/Users/chris/Stm32H723NucleoPtpExample/LwIP_HTTP_Server_Socket_RTOS/Drivers/STM32H7xx_HAL_Driver/Src/stm32h7xx_hal_eth.c:2771:10:HAL_ETH_GetMACError	0	static
C:/Users/chris/Stm32H723NucleoPtpExample/LwIP_HTTP_Server_Socket_RTOS/Drivers/STM32H7xx_HAL_Driver/Src/stm32h7xx_hal_eth.c:2782:10:HAL_ETH_GetMACWakeUpSource	0	static
