C:/Users/chris/Stm32H723NucleoPtpExample/LwIP_HTTP_Server_Socket_RTOS/Drivers/STM32H7xx_HAL_Driver/Src/stm32h7xx_hal_eth.c:308:19:HAL_ETH_Init	24	static
C:/Users/chris/Stm32H723NucleoPtpExample/LwIP_HTTP_Server_Socket_RTOS/Drivers/STM32H7xx_HAL_Driver/Src/stm32h7xx_hal_eth.c:434:19:HAL_ETH_DeInit	16	static
C:/Users/chris/Stm32H723NucleoPtpExample/LwIP_HTTP_Server_Socket_RTOS/Drivers/STM32H7xx_HAL_Driver/Src/stm32h7xx_hal_eth.c:467:13:HAL_ETH_MspInit	16	static
C:/Users/chris/Stm32H723NucleoPtpExample/LwIP_HTTP_Server_Socket_RTOS/Drivers/STM32H7xx_HAL_Driver/Src/stm32h7xx_hal_eth.c:482:13:HAL_ETH_MspDeInit	16	static
C:/Users/chris/Stm32H723NucleoPtpExample/LwIP_HTTP_Server_Socket_RTOS/Drivers/STM32H7xx_HAL_Driver/Src/stm32h7xx_hal_eth.c:717:19:HAL_ETH_Start	16	static
C:/Users/chris/Stm32H723NucleoPtpExample/LwIP_HTTP_Server_Socket_RTOS/Drivers/STM32H7xx_HAL_Driver/Src/stm32h7xx_hal_eth.c:763:19:HAL_ETH_Start_IT	16	static
C:/Users/chris/Stm32H723NucleoPtpExample/LwIP_HTTP_Server_Socket_RTOS/Drivers/STM32H7xx_HAL_Driver/Src/stm32h7xx_hal_eth.c:819:19:HAL_ETH_Stop	16	static
C:/Users/chris/Stm32H723NucleoPtpExample/LwIP_HTTP_Server_Socket_RTOS/Drivers/STM32H7xx_HAL_Driver/Src/stm32h7xx_hal_eth.c:858:19:HAL_ETH_Stop_IT	24	static
C:/Users/chris/Stm32H723NucleoPtpExample/LwIP_HTTP_Server_Socket_RTOS/Drivers/STM32H7xx_HAL_Driver/Src/stm32h7xx_hal_eth.c:919:19:HAL_ETH_Transmit	32	static,ignoring_inline_asm
C:/Users/chris/Stm32H723NucleoPtpExample/LwIP_HTTP_Server_Socket_RTOS/Drivers/STM32H7xx_HAL_Driver/Src/stm32h7xx_hal_eth.c:994:19:HAL_ETH_Transmit_IT	16	static,ignoring_inline_asm
C:/Users/chris/Stm32H723NucleoPtpExample/LwIP_HTTP_Server_Socket_RTOS/Drivers/STM32H7xx_HAL_Driver/Src/stm32h7xx_hal_eth.c:1040:19:HAL_ETH_ReadData	40	static
C:/Users/chris/Stm32H723NucleoPtpExample/LwIP_HTTP_Server_Socket_RTOS/Drivers/STM32H7xx_HAL_Driver/Src/stm32h7xx_hal_eth.c:1164:13:ETH_UpdateDescriptor	40	static,ignoring_inline_asm
C:/Users/chris/Stm32H723NucleoPtpExample/LwIP_HTTP_Server_Socket_RTOS/Drivers/STM32H7xx_HAL_Driver/Src/stm32h7xx_hal_eth.c:1244:19:HAL_ETH_RegisterRxAllocateCallback	16	static
C:/Users/chris/Stm32H723NucleoPtpExample/LwIP_HTTP_Server_Socket_RTOS/Drivers/STM32H7xx_HAL_Driver/Src/stm32h7xx_hal_eth.c:1265:19:HAL_ETH_UnRegisterRxAllocateCallback	16	static
C:/Users/chris/Stm32H723NucleoPtpExample/LwIP_HTTP_Server_Socket_RTOS/Drivers/STM32H7xx_HAL_Driver/Src/stm32h7xx_hal_eth.c:1278:13:HAL_ETH_RxAllocateCallback	16	static
C:/Users/chris/Stm32H723NucleoPtpExample/LwIP_HTTP_Server_Socket_RTOS/Drivers/STM32H7xx_HAL_Driver/Src/stm32h7xx_hal_eth.c:1295:13:HAL_ETH_RxLinkCallback	24	static
C:/Users/chris/Stm32H723NucleoPtpExample/LwIP_HTTP_Server_Socket_RTOS/Drivers/STM32H7xx_HAL_Driver/Src/stm32h7xx_hal_eth.c:1314:19:HAL_ETH_RegisterRxLinkCallback	16	static
C:/Users/chris/Stm32H723NucleoPtpExample/LwIP_HTTP_Server_Socket_RTOS/Drivers/STM32H7xx_HAL_Driver/Src/stm32h7xx_hal_eth.c:1334:19:HAL_ETH_UnRegisterRxLinkCallback	16	static
C:/Users/chris/Stm32H723NucleoPtpExample/LwIP_HTTP_Server_Socket_RTOS/Drivers/STM32H7xx_HAL_Driver/Src/stm32h7xx_hal_eth.c:1349:19:HAL_ETH_GetRxDataErrorCode	16	static
C:/Users/chris/Stm32H723NucleoPtpExample/LwIP_HTTP_Server_Socket_RTOS/Drivers/STM32H7xx_HAL_Driver/Src/stm32h7xx_hal_eth.c:1364:19:HAL_ETH_RegisterTxFreeCallback	16	static
C:/Users/chris/Stm32H723NucleoPtpExample/LwIP_HTTP_Server_Socket_RTOS/Drivers/STM32H7xx_HAL_Driver/Src/stm32h7xx_hal_eth.c:1384:19:HAL_ETH_UnRegisterTxFreeCallback	16	static
C:/Users/chris/Stm32H723NucleoPtpExample/LwIP_HTTP_Server_Socket_RTOS/Drivers/STM32H7xx_HAL_Driver/Src/stm32h7xx_hal_eth.c:1397:13:HAL_ETH_TxFreeCallback	16	static
C:/Users/chris/Stm32H723NucleoPtpExample/LwIP_HTTP_Server_Socket_RTOS/Drivers/STM32H7xx_HAL_Driver/Src/stm32h7xx_hal_eth.c:1412:19:HAL_ETH_ReleaseTxPacket	40	static
C:/Users/chris/Stm32H723NucleoPtpExample/LwIP_HTTP_Server_Socket_RTOS/Drivers/STM32H7xx_HAL_Driver/Src/stm32h7xx_hal_eth.c:1511:19:HAL_ETH_PTP_SetConfig	32	static
C:/Users/chris/Stm32H723NucleoPtpExample/LwIP_HTTP_Server_Socket_RTOS/Drivers/STM32H7xx_HAL_Driver/Src/stm32h7xx_hal_eth.c:1579:19:HAL_ETH_PTP_GetConfig	16	static
C:/Users/chris/Stm32H723NucleoPtpExample/LwIP_HTTP_Server_Socket_RTOS/Drivers/STM32H7xx_HAL_Driver/Src/stm32h7xx_hal_eth.c:1629:19:HAL_ETH_PTP_SetTime	16	static
C:/Users/chris/Stm32H723NucleoPtpExample/LwIP_HTTP_Server_Socket_RTOS/Drivers/STM32H7xx_HAL_Driver/Src/stm32h7xx_hal_eth.c:1660:19:HAL_ETH_PTP_GetTime	16	static
C:/Users/chris/Stm32H723NucleoPtpExample/LwIP_HTTP_Server_Socket_RTOS/Drivers/STM32H7xx_HAL_Driver/Src/stm32h7xx_hal_eth.c:1687:19:HAL_ETH_PTP_AddTimeOffset	24	static
C:/Users/chris/Stm32H723NucleoPtpExample/LwIP_HTTP_Server_Socket_RTOS/Drivers/STM32H7xx_HAL_Driver/Src/stm32h7xx_hal_eth.c:1734:19:HAL_ETH_PTP_InsertTxTimestamp	32	static
C:/Users/chris/Stm32H723NucleoPtpExample/LwIP_HTTP_Server_Socket_RTOS/Drivers/STM32H7xx_HAL_Driver/Src/stm32h7xx_hal_eth.c:1763:19:HAL_ETH_PTP_GetTxTimestamp	32	static
C:/Users/chris/Stm32H723NucleoPtpExample/LwIP_HTTP_Server_Socket_RTOS/Drivers/STM32H7xx_HAL_Driver/Src/stm32h7xx_hal_eth.c:1794:19:HAL_ETH_PTP_GetRxTimestamp	16	static
C:/Users/chris/Stm32H723NucleoPtpExample/LwIP_HTTP_Server_Socket_RTOS/Drivers/STM32H7xx_HAL_Driver/Src/stm32h7xx_hal_eth.c:1820:19:HAL_ETH_RegisterTxPtpCallback	16	static
C:/Users/chris/Stm32H723NucleoPtpExample/LwIP_HTTP_Server_Socket_RTOS/Drivers/STM32H7xx_HAL_Driver/Src/stm32h7xx_hal_eth.c:1839:19:HAL_ETH_UnRegisterTxPtpCallback	16	static
C:/Users/chris/Stm32H723NucleoPtpExample/LwIP_HTTP_Server_Socket_RTOS/Drivers/STM32H7xx_HAL_Driver/Src/stm32h7xx_hal_eth.c:1854:13:HAL_ETH_TxPtpCallback	16	static
C:/Users/chris/Stm32H723NucleoPtpExample/LwIP_HTTP_Server_Socket_RTOS/Drivers/STM32H7xx_HAL_Driver/Src/stm32h7xx_hal_eth.c:1870:6:HAL_ETH_IRQHandler	32	static
C:/Users/chris/Stm32H723NucleoPtpExample/LwIP_HTTP_Server_Socket_RTOS/Drivers/STM32H7xx_HAL_Driver/Src/stm32h7xx_hal_eth.c:2056:13:HAL_ETH_TxCpltCallback	16	static
C:/Users/chris/Stm32H723NucleoPtpExample/LwIP_HTTP_Server_Socket_RTOS/Drivers/STM32H7xx_HAL_Driver/Src/stm32h7xx_hal_eth.c:2071:13:HAL_ETH_RxCpltCallback	16	static
C:/Users/chris/Stm32H723NucleoPtpExample/LwIP_HTTP_Server_Socket_RTOS/Drivers/STM32H7xx_HAL_Driver/Src/stm32h7xx_hal_eth.c:2086:13:HAL_ETH_ErrorCallback	16	static
C:/Users/chris/Stm32H723NucleoPtpExample/LwIP_HTTP_Server_Socket_RTOS/Drivers/STM32H7xx_HAL_Driver/Src/stm32h7xx_hal_eth.c:2101:13:HAL_ETH_PMTCallback	16	static
C:/Users/chris/Stm32H723NucleoPtpExample/LwIP_HTTP_Server_Socket_RTOS/Drivers/STM32H7xx_HAL_Driver/Src/stm32h7xx_hal_eth.c:2116:13:HAL_ETH_EEECallback	16	static
C:/Users/chris/Stm32H723NucleoPtpExample/LwIP_HTTP_Server_Socket_RTOS/Drivers/STM32H7xx_HAL_Driver/Src/stm32h7xx_hal_eth.c:2131:13:HAL_ETH_WakeUpCallback	16	static
C:/Users/chris/Stm32H723NucleoPtpExample/LwIP_HTTP_Server_Socket_RTOS/Drivers/STM32H7xx_HAL_Driver/Src/stm32h7xx_hal_eth.c:2149:19:HAL_ETH_ReadPHYRegister	32	static
C:/Users/chris/Stm32H723NucleoPtpExample/LwIP_HTTP_Server_Socket_RTOS/Drivers/STM32H7xx_HAL_Driver/Src/stm32h7xx_hal_eth.c:2204:19:HAL_ETH_WritePHYRegister	32	static
C:/Users/chris/Stm32H723NucleoPtpExample/LwIP_HTTP_Server_Socket_RTOS/Drivers/STM32H7xx_HAL_Driver/Src/stm32h7xx_hal_eth.c:2276:19:HAL_ETH_GetMACConfig	16	static
C:/Users/chris/Stm32H723NucleoPtpExample/LwIP_HTTP_Server_Socket_RTOS/Drivers/STM32H7xx_HAL_Driver/Src/stm32h7xx_hal_eth.c:2348:19:HAL_ETH_GetDMAConfig	16	static
C:/Users/chris/Stm32H723NucleoPtpExample/LwIP_HTTP_Server_Socket_RTOS/Drivers/STM32H7xx_HAL_Driver/Src/stm32h7xx_hal_eth.c:2382:19:HAL_ETH_SetMACConfig	16	static
C:/Users/chris/Stm32H723NucleoPtpExample/LwIP_HTTP_Server_Socket_RTOS/Drivers/STM32H7xx_HAL_Driver/Src/stm32h7xx_hal_eth.c:2409:19:HAL_ETH_SetDMAConfig	16	static
C:/Users/chris/Stm32H723NucleoPtpExample/LwIP_HTTP_Server_Socket_RTOS/Drivers/STM32H7xx_HAL_Driver/Src/stm32h7xx_hal_eth.c:2434:6:HAL_ETH_SetMDIOClockRange	24	static
C:/Users/chris/Stm32H723NucleoPtpExample/LwIP_HTTP_Server_Socket_RTOS/Drivers/STM32H7xx_HAL_Driver/Src/stm32h7xx_hal_eth.c:2492:19:HAL_ETH_SetMACFilterConfig	24	static
C:/Users/chris/Stm32H723NucleoPtpExample/LwIP_HTTP_Server_Socket_RTOS/Drivers/STM32H7xx_HAL_Driver/Src/stm32h7xx_hal_eth.c:2526:19:HAL_ETH_GetMACFilterConfig	16	static
C:/Users/chris/Stm32H723NucleoPtpExample/LwIP_HTTP_Server_Socket_RTOS/Drivers/STM32H7xx_HAL_Driver/Src/stm32h7xx_hal_eth.c:2563:19:HAL_ETH_SetSourceMACAddrMatch	32	static
C:/Users/chris/Stm32H723NucleoPtpExample/LwIP_HTTP_Server_Socket_RTOS/Drivers/STM32H7xx_HAL_Driver/Src/stm32h7xx_hal_eth.c:2599:19:HAL_ETH_SetHashTable	16	static
C:/Users/chris/Stm32H723NucleoPtpExample/LwIP_HTTP_Server_Socket_RTOS/Drivers/STM32H7xx_HAL_Driver/Src/stm32h7xx_hal_eth.c:2621:6:HAL_ETH_SetRxVLANIdentifier	24	static
C:/Users/chris/Stm32H723NucleoPtpExample/LwIP_HTTP_Server_Socket_RTOS/Drivers/STM32H7xx_HAL_Driver/Src/stm32h7xx_hal_eth.c:2643:6:HAL_ETH_EnterPowerDownMode	24	static
C:/Users/chris/Stm32H723NucleoPtpExample/LwIP_HTTP_Server_Socket_RTOS/Drivers/STM32H7xx_HAL_Driver/Src/stm32h7xx_hal_eth.c:2665:6:HAL_ETH_ExitPowerDownMode	16	static
C:/Users/chris/Stm32H723NucleoPtpExample/LwIP_HTTP_Server_Socket_RTOS/Drivers/STM32H7xx_HAL_Driver/Src/stm32h7xx_hal_eth.c:2689:19:HAL_ETH_SetWakeUpFilter	32	static
C:/Users/chris/Stm32H723NucleoPtpExample/LwIP_HTTP_Server_Socket_RTOS/Drivers/STM32H7xx_HAL_Driver/Src/stm32h7xx_hal_eth.c:2738:22:HAL_ETH_GetState	16	static
C:/Users/chris/Stm32H723NucleoPtpExample/LwIP_HTTP_Server_Socket_RTOS/Drivers/STM32H7xx_HAL_Driver/Src/stm32h7xx_hal_eth.c:2749:10:HAL_ETH_GetError	16	static
C:/Users/chris/Stm32H723NucleoPtpExample/LwIP_HTTP_Server_Socket_RTOS/Drivers/STM32H7xx_HAL_Driver/Src/stm32h7xx_hal_eth.c:2760:10:HAL_ETH_GetDMAError	16	static
C:/Users/chris/Stm32H723NucleoPtpExample/LwIP_HTTP_Server_Socket_RTOS/Drivers/STM32H7xx_HAL_Driver/Src/stm32h7xx_hal_eth.c:2771:10:HAL_ETH_GetMACError	16	static
C:/Users/chris/Stm32H723NucleoPtpExample/LwIP_HTTP_Server_Socket_RTOS/Drivers/STM32H7xx_HAL_Driver/Src/stm32h7xx_hal_eth.c:2782:10:HAL_ETH_GetMACWakeUpSource	16	static
C:/Users/chris/Stm32H723NucleoPtpExample/LwIP_HTTP_Server_Socket_RTOS/Drivers/STM32H7xx_HAL_Driver/Src/stm32h7xx_hal_eth.c:2799:13:ETH_SetMACConfig	24	static
C:/Users/chris/Stm32H723NucleoPtpExample/LwIP_HTTP_Server_Socket_RTOS/Drivers/STM32H7xx_HAL_Driver/Src/stm32h7xx_hal_eth.c:2876:13:ETH_SetDMAConfig	24	static
C:/Users/chris/Stm32H723NucleoPtpExample/LwIP_HTTP_Server_Socket_RTOS/Drivers/STM32H7xx_HAL_Driver/Src/stm32h7xx_hal_eth.c:2917:13:ETH_MACDMAConfig	152	static
C:/Users/chris/Stm32H723NucleoPtpExample/LwIP_HTTP_Server_Socket_RTOS/Drivers/STM32H7xx_HAL_Driver/Src/stm32h7xx_hal_eth.c:2990:13:ETH_DMATxDescListInit	24	static
C:/Users/chris/Stm32H723NucleoPtpExample/LwIP_HTTP_Server_Socket_RTOS/Drivers/STM32H7xx_HAL_Driver/Src/stm32h7xx_hal_eth.c:3028:13:ETH_DMARxDescListInit	24	static
C:/Users/chris/Stm32H723NucleoPtpExample/LwIP_HTTP_Server_Socket_RTOS/Drivers/STM32H7xx_HAL_Driver/Src/stm32h7xx_hal_eth.c:3074:17:ETH_Prepare_Tx_Descriptors	72	static,ignoring_inline_asm
