C:/Users/chris/Stm32H723NucleoPtpExample/LwIP_HTTP_Server_Socket_RTOS/Drivers/BSP/STM32H7xx_Nucleo/stm32h7xx_nucleo.c:115:9:BSP_GetVersion	0	static
C:/Users/chris/Stm32H723NucleoPtpExample/LwIP_HTTP_Server_Socket_RTOS/Drivers/BSP/STM32H7xx_Nucleo/stm32h7xx_nucleo.c:129:9:BSP_LED_Init	48	static
C:/Users/chris/Stm32H723NucleoPtpExample/LwIP_HTTP_Server_Socket_RTOS/Drivers/BSP/STM32H7xx_Nucleo/stm32h7xx_nucleo.c:176:9:BSP_LED_DeInit	16	static
C:/Users/chris/Stm32H723NucleoPtpExample/LwIP_HTTP_Server_Socket_RTOS/Drivers/BSP/STM32H7xx_Nucleo/stm32h7xx_nucleo.c:206:9:BSP_LED_On	8	static
C:/Users/chris/Stm32H723NucleoPtpExample/LwIP_HTTP_Server_Socket_RTOS/Drivers/BSP/STM32H7xx_Nucleo/stm32h7xx_nucleo.c:231:9:BSP_LED_Off	8	static
C:/Users/chris/Stm32H723NucleoPtpExample/LwIP_HTTP_Server_Socket_RTOS/Drivers/BSP/STM32H7xx_Nucleo/stm32h7xx_nucleo.c:256:9:BSP_LED_Toggle	8	static
C:/Users/chris/Stm32H723NucleoPtpExample/LwIP_HTTP_Server_Socket_RTOS/Drivers/BSP/STM32H7xx_Nucleo/stm32h7xx_nucleo.c:281:9:BSP_LED_GetState	8	static
C:/Users/chris/Stm32H723NucleoPtpExample/LwIP_HTTP_Server_Socket_RTOS/Drivers/BSP/STM32H7xx_Nucleo/stm32h7xx_nucleo.c:308:9:BSP_PB_Init	48	static
C:/Users/chris/Stm32H723NucleoPtpExample/LwIP_HTTP_Server_Socket_RTOS/Drivers/BSP/STM32H7xx_Nucleo/stm32h7xx_nucleo.c:353:9:BSP_PB_DeInit	8	static
C:/Users/chris/Stm32H723NucleoPtpExample/LwIP_HTTP_Server_Socket_RTOS/Drivers/BSP/STM32H7xx_Nucleo/stm32h7xx_nucleo.c:371:9:BSP_PB_GetState	8	static
C:/Users/chris/Stm32H723NucleoPtpExample/LwIP_HTTP_Server_Socket_RTOS/Drivers/BSP/STM32H7xx_Nucleo/stm32h7xx_nucleo.c:381:6:BSP_PB_IRQHandler	0	static
C:/Users/chris/Stm32H723NucleoPtpExample/LwIP_HTTP_Server_Socket_RTOS/Drivers/BSP/STM32H7xx_Nucleo/stm32h7xx_nucleo.c:391:13:BSP_PB_Callback	0	static
C:/Users/chris/Stm32H723NucleoPtpExample/LwIP_HTTP_Server_Socket_RTOS/Drivers/BSP/STM32H7xx_Nucleo/stm32h7xx_nucleo.c:613:13:BUTTON_USER_EXTI_Callback	8	static
C:/Users/chris/Stm32H723NucleoPtpExample/LwIP_HTTP_Server_Socket_RTOS/Drivers/BSP/STM32H7xx_Nucleo/stm32h7xx_nucleo.c:447:9:BSP_COM_DeInit	8	static
C:/Users/chris/Stm32H723NucleoPtpExample/LwIP_HTTP_Server_Socket_RTOS/Drivers/BSP/STM32H7xx_Nucleo/stm32h7xx_nucleo.c:480:26:MX_USART3_Init	8	static
C:/Users/chris/Stm32H723NucleoPtpExample/LwIP_HTTP_Server_Socket_RTOS/Drivers/BSP/STM32H7xx_Nucleo/stm32h7xx_nucleo.c:409:9:BSP_COM_Init	56	static
