../Application/User/ptpd/src/ptpd_net.c:10:13:ptpd_net_queue_init	16	static
../Application/User/ptpd/src/ptpd_net.c:18:13:ptpd_net_queue_put	24	static
../Application/User/ptpd/src/ptpd_net.c:39:14:ptpd_net_queue_get	24	static
../Application/User/ptpd/src/ptpd_net.c:59:13:ptpd_net_queue_empty	16	static
../Application/User/ptpd/src/ptpd_net.c:75:13:ptpd_net_queue_check	24	static
../Application/User/ptpd/src/ptpd_net.c:90:16:ptpd_find_iface	32	static
../Application/User/ptpd/src/ptpd_net.c:105:13:ptpd_net_event_callback	32	static
../Application/User/ptpd/src/ptpd_net.c:124:13:ptpd_net_general_callback	32	static
../Application/User/ptpd/src/ptpd_net.c:143:6:ptpd_net_init	40	static
../Application/User/ptpd/src/ptpd_net.c:229:6:ptpd_net_shutdown	24	static
../Application/User/ptpd/src/ptpd_net.c:266:9:ptpd_net_select	16	static
../Application/User/ptpd/src/ptpd_net.c:275:6:ptpd_net_empty_event_queue	16	static
../Application/User/ptpd/src/ptpd_net.c:281:16:ptpd_net_recv	48	static
../Application/User/ptpd/src/ptpd_net.c:344:9:ptpd_net_recv_event	24	static
../Application/User/ptpd/src/ptpd_net.c:349:9:ptpd_net_recv_general	24	static
../Application/User/ptpd/src/ptpd_net.c:354:16:ptpd_net_send	40	static
../Application/User/ptpd/src/ptpd_net.c:405:9:ptpd_net_send_event	32	static
../Application/User/ptpd/src/ptpd_net.c:410:9:ptpd_net_send_peer_event	32	static
../Application/User/ptpd/src/ptpd_net.c:415:9:ptpd_net_send_general	32	static
../Application/User/ptpd/src/ptpd_net.c:420:9:ptpd_net_send_peer_general	32	static
