14:20:53 **** Incremental Build of configuration Debug for project LwIP_HTTP_Server_Socket_RTOS ****
make -j20 all 
arm-none-eabi-gcc "C:/Users/chris/Stm32H723NucleoPtpExample/LwIP_HTTP_Server_Socket_RTOS/Src/ethernetif.c" -mcpu=cortex-m7 -std=gnu11 -g3 -DUSE_HAL_DRIVER -DSTM32H723xx -DDEBUG -c -I../../Inc -I../../Src -I../../Drivers/CMSIS/Include -I../../Drivers/CMSIS/Device/ST/STM32H7xx/Include -I../../Drivers/STM32H7xx_HAL_Driver/Inc -I../../Drivers/BSP/STM32H7xx_Nucleo -I../../Drivers/BSP/Components/Common -I../../Drivers/BSP/Components -I../../Middlewares/Third_Party/LwIP/src/include -I../../Middlewares/Third_Party/LwIP/system -I../../Middlewares/Third_Party/FreeRTOS/Source/portable/GCC/ARM_CM4F -I../../Middlewares/Third_Party/FreeRTOS/Source -I../../Middlewares/Third_Party/FreeRTOS/Source/CMSIS_RTOS_V2 -I../../Middlewares/Third_Party/FreeRTOS/Source/include -I../../Utilities -I"C:/Users/chris/Stm32H723NucleoPtpExample/LwIP_HTTP_Server_Socket_RTOS/STM32CubeIDE/Application/User/ptpd/src" -I"C:/Users/chris/Stm32H723NucleoPtpExample/LwIP_HTTP_Server_Socket_RTOS/STM32CubeIDE/Application/User" -O2 -ffunction-sections -fdata-sections -fstack-usage -fcyclomatic-complexity -MMD -MP -MF"Application/User/ethernetif.d" -MT"Application/User/ethernetif.o" --specs=nano.specs -mfpu=fpv5-d16 -mfloat-abi=hard -mthumb -o "Application/User/ethernetif.o"
C:/Users/chris/Stm32H723NucleoPtpExample/LwIP_HTTP_Server_Socket_RTOS/Src/ethernetif.c: In function 'low_level_output':
C:/Users/chris/Stm32H723NucleoPtpExample/LwIP_HTTP_Server_Socket_RTOS/Src/ethernetif.c:524:54: warning: implicit declaration of function 'CACHE_ALIGNED_SIZE' [-Wimplicit-function-declaration]
  524 |       SCB_CleanDCache_by_Addr((uint32_t*)q->payload, CACHE_ALIGNED_SIZE(q->len));
      |                                                      ^~~~~~~~~~~~~~~~~~
arm-none-eabi-gcc -o "LwIP_HTTP_Server_Socket_RTOS.elf" @"objects.list"   -mcpu=cortex-m7 -T"C:\Users\chris\Stm32H723NucleoPtpExample\LwIP_HTTP_Server_Socket_RTOS\STM32CubeIDE\STM32H723ZGTX_FLASH.ld" --specs=nosys.specs -Wl,-Map="LwIP_HTTP_Server_Socket_RTOS.map" -Wl,--gc-sections -static --specs=nano.specs -mfpu=fpv5-d16 -mfloat-abi=hard -mthumb -u _printf_float -Wl,--start-group -lc -lm -Wl,--end-group
C:/ST/STM32CubeIDE_1.16.0/STM32CubeIDE/plugins/com.st.stm32cube.ide.mcu.externaltools.gnu-tools-for-stm32.12.3.rel1.win32_1.0.200.202406191623/tools/bin/../lib/gcc/arm-none-eabi/12.3.1/../../../../arm-none-eabi/bin/ld.exe: ./Application/User/ethernetif.o: in function `low_level_output':
C:/Users/chris/Stm32H723NucleoPtpExample/LwIP_HTTP_Server_Socket_RTOS/Src/ethernetif.c:524: undefined reference to `CACHE_ALIGNED_SIZE'
collect2.exe: error: ld returned 1 exit status
make: *** [makefile:75: LwIP_HTTP_Server_Socket_RTOS.elf] Error 1
"make -j20 all" terminated with exit code 2. Build might be incomplete.
14:21:33 **** Incremental Build of configuration Debug for project LwIP_HTTP_Server_Socket_RTOS ****
make -j20 all 
arm-none-eabi-gcc "C:/Users/chris/Stm32H723NucleoPtpExample/LwIP_HTTP_Server_Socket_RTOS/Src/ethernetif.c" -mcpu=cortex-m7 -std=gnu11 -g3 -DUSE_HAL_DRIVER -DSTM32H723xx -DDEBUG -c -I../../Inc -I../../Src -I../../Drivers/CMSIS/Include -I../../Drivers/CMSIS/Device/ST/STM32H7xx/Include -I../../Drivers/STM32H7xx_HAL_Driver/Inc -I../../Drivers/BSP/STM32H7xx_Nucleo -I../../Drivers/BSP/Components/Common -I../../Drivers/BSP/Components -I../../Middlewares/Third_Party/LwIP/src/include -I../../Middlewares/Third_Party/LwIP/system -I../../Middlewares/Third_Party/FreeRTOS/Source/portable/GCC/ARM_CM4F -I../../Middlewares/Third_Party/FreeRTOS/Source -I../../Middlewares/Third_Party/FreeRTOS/Source/CMSIS_RTOS_V2 -I../../Middlewares/Third_Party/FreeRTOS/Source/include -I../../Utilities -I"C:/Users/chris/Stm32H723NucleoPtpExample/LwIP_HTTP_Server_Socket_RTOS/STM32CubeIDE/Application/User/ptpd/src" -I"C:/Users/chris/Stm32H723NucleoPtpExample/LwIP_HTTP_Server_Socket_RTOS/STM32CubeIDE/Application/User" -O2 -ffunction-sections -fdata-sections -fstack-usage -fcyclomatic-complexity -MMD -MP -MF"Application/User/ethernetif.d" -MT"Application/User/ethernetif.o" --specs=nano.specs -mfpu=fpv5-d16 -mfloat-abi=hard -mthumb -o "Application/User/ethernetif.o"
arm-none-eabi-gcc -o "LwIP_HTTP_Server_Socket_RTOS.elf" @"objects.list"   -mcpu=cortex-m7 -T"C:\Users\chris\Stm32H723NucleoPtpExample\LwIP_HTTP_Server_Socket_RTOS\STM32CubeIDE\STM32H723ZGTX_FLASH.ld" --specs=nosys.specs -Wl,-Map="LwIP_HTTP_Server_Socket_RTOS.map" -Wl,--gc-sections -static --specs=nano.specs -mfpu=fpv5-d16 -mfloat-abi=hard -mthumb -u _printf_float -Wl,--start-group -lc -lm -Wl,--end-group
Finished building target: LwIP_HTTP_Server_Socket_RTOS.elf
 
arm-none-eabi-size  LwIP_HTTP_Server_Socket_RTOS.elf 
arm-none-eabi-objdump -h -S LwIP_HTTP_Server_Socket_RTOS.elf  > "LwIP_HTTP_Server_Socket_RTOS.list"
   text	   data	    bss	    dec	    hex	filename
 183936	    504	  89835	 274275	  42f63	LwIP_HTTP_Server_Socket_RTOS.elf
Finished building: default.size.stdout
 
Finished building: LwIP_HTTP_Server_Socket_RTOS.list
 
14:26:11 **** Incremental Build of configuration Debug for project LwIP_HTTP_Server_Socket_RTOS ****
make -j20 all 
arm-none-eabi-size  LwIP_HTTP_Server_Socket_RTOS.elf 
   text	   data	    bss	    dec	    hex	filename
 183936	    504	  89835	 274275	  42f63	LwIP_HTTP_Server_Socket_RTOS.elf
Finished building: default.size.stdout
 
14:36:56 **** Incremental Build of configuration Debug for project LwIP_HTTP_Server_Socket_RTOS ****
make -j20 all 
arm-none-eabi-gcc "C:/Users/chris/Stm32H723NucleoPtpExample/LwIP_HTTP_Server_Socket_RTOS/Src/ethernetif.c" -mcpu=cortex-m7 -std=gnu11 -g3 -DUSE_HAL_DRIVER -DSTM32H723xx -DDEBUG -c -I../../Inc -I../../Src -I../../Drivers/CMSIS/Include -I../../Drivers/CMSIS/Device/ST/STM32H7xx/Include -I../../Drivers/STM32H7xx_HAL_Driver/Inc -I../../Drivers/BSP/STM32H7xx_Nucleo -I../../Drivers/BSP/Components/Common -I../../Drivers/BSP/Components -I../../Middlewares/Third_Party/LwIP/src/include -I../../Middlewares/Third_Party/LwIP/system -I../../Middlewares/Third_Party/FreeRTOS/Source/portable/GCC/ARM_CM4F -I../../Middlewares/Third_Party/FreeRTOS/Source -I../../Middlewares/Third_Party/FreeRTOS/Source/CMSIS_RTOS_V2 -I../../Middlewares/Third_Party/FreeRTOS/Source/include -I../../Utilities -I"C:/Users/chris/Stm32H723NucleoPtpExample/LwIP_HTTP_Server_Socket_RTOS/STM32CubeIDE/Application/User/ptpd/src" -I"C:/Users/chris/Stm32H723NucleoPtpExample/LwIP_HTTP_Server_Socket_RTOS/STM32CubeIDE/Application/User" -O2 -ffunction-sections -fdata-sections -fstack-usage -fcyclomatic-complexity -MMD -MP -MF"Application/User/ethernetif.d" -MT"Application/User/ethernetif.o" --specs=nano.specs -mfpu=fpv5-d16 -mfloat-abi=hard -mthumb -o "Application/User/ethernetif.o"
arm-none-eabi-gcc -o "LwIP_HTTP_Server_Socket_RTOS.elf" @"objects.list"   -mcpu=cortex-m7 -T"C:\Users\chris\Stm32H723NucleoPtpExample\LwIP_HTTP_Server_Socket_RTOS\STM32CubeIDE\STM32H723ZGTX_FLASH.ld" --specs=nosys.specs -Wl,-Map="LwIP_HTTP_Server_Socket_RTOS.map" -Wl,--gc-sections -static --specs=nano.specs -mfpu=fpv5-d16 -mfloat-abi=hard -mthumb -u _printf_float -Wl,--start-group -lc -lm -Wl,--end-group
Finished building target: LwIP_HTTP_Server_Socket_RTOS.elf
 
arm-none-eabi-size  LwIP_HTTP_Server_Socket_RTOS.elf 
arm-none-eabi-objdump -h -S LwIP_HTTP_Server_Socket_RTOS.elf  > "LwIP_HTTP_Server_Socket_RTOS.list"
   text	   data	    bss	    dec	    hex	filename
 183936	    504	  89835	 274275	  42f63	LwIP_HTTP_Server_Socket_RTOS.elf
Finished building: default.size.stdout
 
Finished building: LwIP_HTTP_Server_Socket_RTOS.list
 
15:14:08 **** Incremental Build of configuration Debug for project LwIP_HTTP_Server_Socket_RTOS ****
make -j20 all 
arm-none-eabi-gcc "C:/Users/chris/Stm32H723NucleoPtpExample/LwIP_HTTP_Server_Socket_RTOS/Middlewares/Third_Party/LwIP/src/apps/http/fs.c" -mcpu=cortex-m7 -std=gnu11 -g3 -DUSE_HAL_DRIVER -DSTM32H723xx -DDEBUG -c -I../../Inc -I../../Src -I../../Drivers/CMSIS/Include -I../../Drivers/CMSIS/Device/ST/STM32H7xx/Include -I../../Drivers/STM32H7xx_HAL_Driver/Inc -I../../Drivers/BSP/STM32H7xx_Nucleo -I../../Drivers/BSP/Components/Common -I../../Drivers/BSP/Components -I../../Middlewares/Third_Party/LwIP/src/include -I../../Middlewares/Third_Party/LwIP/system -I../../Middlewares/Third_Party/FreeRTOS/Source/portable/GCC/ARM_CM4F -I../../Middlewares/Third_Party/FreeRTOS/Source -I../../Middlewares/Third_Party/FreeRTOS/Source/CMSIS_RTOS_V2 -I../../Middlewares/Third_Party/FreeRTOS/Source/include -I../../Utilities -I"C:/Users/chris/Stm32H723NucleoPtpExample/LwIP_HTTP_Server_Socket_RTOS/STM32CubeIDE/Application/User/ptpd/src" -I"C:/Users/chris/Stm32H723NucleoPtpExample/LwIP_HTTP_Server_Socket_RTOS/STM32CubeIDE/Application/User" -O2 -ffunction-sections -fdata-sections -fstack-usage -fcyclomatic-complexity -MMD -MP -MF"Middlewares/LwIP/apps/http/fs.d" -MT"Middlewares/LwIP/apps/http/fs.o" --specs=nano.specs -mfpu=fpv5-d16 -mfloat-abi=hard -mthumb -o "Middlewares/LwIP/apps/http/fs.o"
arm-none-eabi-gcc "C:/Users/chris/Stm32H723NucleoPtpExample/LwIP_HTTP_Server_Socket_RTOS/Middlewares/Third_Party/LwIP/src/netif/ethernet.c" -mcpu=cortex-m7 -std=gnu11 -g3 -DUSE_HAL_DRIVER -DSTM32H723xx -DDEBUG -c -I../../Inc -I../../Src -I../../Drivers/CMSIS/Include -I../../Drivers/CMSIS/Device/ST/STM32H7xx/Include -I../../Drivers/STM32H7xx_HAL_Driver/Inc -I../../Drivers/BSP/STM32H7xx_Nucleo -I../../Drivers/BSP/Components/Common -I../../Drivers/BSP/Components -I../../Middlewares/Third_Party/LwIP/src/include -I../../Middlewares/Third_Party/LwIP/system -I../../Middlewares/Third_Party/FreeRTOS/Source/portable/GCC/ARM_CM4F -I../../Middlewares/Third_Party/FreeRTOS/Source -I../../Middlewares/Third_Party/FreeRTOS/Source/CMSIS_RTOS_V2 -I../../Middlewares/Third_Party/FreeRTOS/Source/include -I../../Utilities -I"C:/Users/chris/Stm32H723NucleoPtpExample/LwIP_HTTP_Server_Socket_RTOS/STM32CubeIDE/Application/User/ptpd/src" -I"C:/Users/chris/Stm32H723NucleoPtpExample/LwIP_HTTP_Server_Socket_RTOS/STM32CubeIDE/Application/User" -O2 -ffunction-sections -fdata-sections -fstack-usage -fcyclomatic-complexity -MMD -MP -MF"Middlewares/LwIP/Netif/ethernet.d" -MT"Middlewares/LwIP/Netif/ethernet.o" --specs=nano.specs -mfpu=fpv5-d16 -mfloat-abi=hard -mthumb -o "Middlewares/LwIP/Netif/ethernet.o"
arm-none-eabi-gcc "C:/Users/chris/Stm32H723NucleoPtpExample/LwIP_HTTP_Server_Socket_RTOS/Middlewares/Third_Party/LwIP/system/OS/sys_arch.c" -mcpu=cortex-m7 -std=gnu11 -g3 -DUSE_HAL_DRIVER -DSTM32H723xx -DDEBUG -c -I../../Inc -I../../Src -I../../Drivers/CMSIS/Include -I../../Drivers/CMSIS/Device/ST/STM32H7xx/Include -I../../Drivers/STM32H7xx_HAL_Driver/Inc -I../../Drivers/BSP/STM32H7xx_Nucleo -I../../Drivers/BSP/Components/Common -I../../Drivers/BSP/Components -I../../Middlewares/Third_Party/LwIP/src/include -I../../Middlewares/Third_Party/LwIP/system -I../../Middlewares/Third_Party/FreeRTOS/Source/portable/GCC/ARM_CM4F -I../../Middlewares/Third_Party/FreeRTOS/Source -I../../Middlewares/Third_Party/FreeRTOS/Source/CMSIS_RTOS_V2 -I../../Middlewares/Third_Party/FreeRTOS/Source/include -I../../Utilities -I"C:/Users/chris/Stm32H723NucleoPtpExample/LwIP_HTTP_Server_Socket_RTOS/STM32CubeIDE/Application/User/ptpd/src" -I"C:/Users/chris/Stm32H723NucleoPtpExample/LwIP_HTTP_Server_Socket_RTOS/STM32CubeIDE/Application/User" -O2 -ffunction-sections -fdata-sections -fstack-usage -fcyclomatic-complexity -MMD -MP -MF"Middlewares/LwIP/Netif/sys_arch.d" -MT"Middlewares/LwIP/Netif/sys_arch.o" --specs=nano.specs -mfpu=fpv5-d16 -mfloat-abi=hard -mthumb -o "Middlewares/LwIP/Netif/sys_arch.o"
arm-none-eabi-gcc "C:/Users/chris/Stm32H723NucleoPtpExample/LwIP_HTTP_Server_Socket_RTOS/Middlewares/Third_Party/LwIP/src/core/ipv4/autoip.c" -mcpu=cortex-m7 -std=gnu11 -g3 -DUSE_HAL_DRIVER -DSTM32H723xx -DDEBUG -c -I../../Inc -I../../Src -I../../Drivers/CMSIS/Include -I../../Drivers/CMSIS/Device/ST/STM32H7xx/Include -I../../Drivers/STM32H7xx_HAL_Driver/Inc -I../../Drivers/BSP/STM32H7xx_Nucleo -I../../Drivers/BSP/Components/Common -I../../Drivers/BSP/Components -I../../Middlewares/Third_Party/LwIP/src/include -I../../Middlewares/Third_Party/LwIP/system -I../../Middlewares/Third_Party/FreeRTOS/Source/portable/GCC/ARM_CM4F -I../../Middlewares/Third_Party/FreeRTOS/Source -I../../Middlewares/Third_Party/FreeRTOS/Source/CMSIS_RTOS_V2 -I../../Middlewares/Third_Party/FreeRTOS/Source/include -I../../Utilities -I"C:/Users/chris/Stm32H723NucleoPtpExample/LwIP_HTTP_Server_Socket_RTOS/STM32CubeIDE/Application/User/ptpd/src" -I"C:/Users/chris/Stm32H723NucleoPtpExample/LwIP_HTTP_Server_Socket_RTOS/STM32CubeIDE/Application/User" -O2 -ffunction-sections -fdata-sections -fstack-usage -fcyclomatic-complexity -MMD -MP -MF"Middlewares/LwIP/Core/IPv4/autoip.d" -MT"Middlewares/LwIP/Core/IPv4/autoip.o" --specs=nano.specs -mfpu=fpv5-d16 -mfloat-abi=hard -mthumb -o "Middlewares/LwIP/Core/IPv4/autoip.o"
arm-none-eabi-gcc "C:/Users/chris/Stm32H723NucleoPtpExample/LwIP_HTTP_Server_Socket_RTOS/Middlewares/Third_Party/LwIP/src/core/ipv4/dhcp.c" -mcpu=cortex-m7 -std=gnu11 -g3 -DUSE_HAL_DRIVER -DSTM32H723xx -DDEBUG -c -I../../Inc -I../../Src -I../../Drivers/CMSIS/Include -I../../Drivers/CMSIS/Device/ST/STM32H7xx/Include -I../../Drivers/STM32H7xx_HAL_Driver/Inc -I../../Drivers/BSP/STM32H7xx_Nucleo -I../../Drivers/BSP/Components/Common -I../../Drivers/BSP/Components -I../../Middlewares/Third_Party/LwIP/src/include -I../../Middlewares/Third_Party/LwIP/system -I../../Middlewares/Third_Party/FreeRTOS/Source/portable/GCC/ARM_CM4F -I../../Middlewares/Third_Party/FreeRTOS/Source -I../../Middlewares/Third_Party/FreeRTOS/Source/CMSIS_RTOS_V2 -I../../Middlewares/Third_Party/FreeRTOS/Source/include -I../../Utilities -I"C:/Users/chris/Stm32H723NucleoPtpExample/LwIP_HTTP_Server_Socket_RTOS/STM32CubeIDE/Application/User/ptpd/src" -I"C:/Users/chris/Stm32H723NucleoPtpExample/LwIP_HTTP_Server_Socket_RTOS/STM32CubeIDE/Application/User" -O2 -ffunction-sections -fdata-sections -fstack-usage -fcyclomatic-complexity -MMD -MP -MF"Middlewares/LwIP/Core/IPv4/dhcp.d" -MT"Middlewares/LwIP/Core/IPv4/dhcp.o" --specs=nano.specs -mfpu=fpv5-d16 -mfloat-abi=hard -mthumb -o "Middlewares/LwIP/Core/IPv4/dhcp.o"
arm-none-eabi-gcc "C:/Users/chris/Stm32H723NucleoPtpExample/LwIP_HTTP_Server_Socket_RTOS/Middlewares/Third_Party/LwIP/src/core/ipv4/etharp.c" -mcpu=cortex-m7 -std=gnu11 -g3 -DUSE_HAL_DRIVER -DSTM32H723xx -DDEBUG -c -I../../Inc -I../../Src -I../../Drivers/CMSIS/Include -I../../Drivers/CMSIS/Device/ST/STM32H7xx/Include -I../../Drivers/STM32H7xx_HAL_Driver/Inc -I../../Drivers/BSP/STM32H7xx_Nucleo -I../../Drivers/BSP/Components/Common -I../../Drivers/BSP/Components -I../../Middlewares/Third_Party/LwIP/src/include -I../../Middlewares/Third_Party/LwIP/system -I../../Middlewares/Third_Party/FreeRTOS/Source/portable/GCC/ARM_CM4F -I../../Middlewares/Third_Party/FreeRTOS/Source -I../../Middlewares/Third_Party/FreeRTOS/Source/CMSIS_RTOS_V2 -I../../Middlewares/Third_Party/FreeRTOS/Source/include -I../../Utilities -I"C:/Users/chris/Stm32H723NucleoPtpExample/LwIP_HTTP_Server_Socket_RTOS/STM32CubeIDE/Application/User/ptpd/src" -I"C:/Users/chris/Stm32H723NucleoPtpExample/LwIP_HTTP_Server_Socket_RTOS/STM32CubeIDE/Application/User" -O2 -ffunction-sections -fdata-sections -fstack-usage -fcyclomatic-complexity -MMD -MP -MF"Middlewares/LwIP/Core/IPv4/etharp.d" -MT"Middlewares/LwIP/Core/IPv4/etharp.o" --specs=nano.specs -mfpu=fpv5-d16 -mfloat-abi=hard -mthumb -o "Middlewares/LwIP/Core/IPv4/etharp.o"
arm-none-eabi-gcc "C:/Users/chris/Stm32H723NucleoPtpExample/LwIP_HTTP_Server_Socket_RTOS/Middlewares/Third_Party/LwIP/src/core/ipv4/icmp.c" -mcpu=cortex-m7 -std=gnu11 -g3 -DUSE_HAL_DRIVER -DSTM32H723xx -DDEBUG -c -I../../Inc -I../../Src -I../../Drivers/CMSIS/Include -I../../Drivers/CMSIS/Device/ST/STM32H7xx/Include -I../../Drivers/STM32H7xx_HAL_Driver/Inc -I../../Drivers/BSP/STM32H7xx_Nucleo -I../../Drivers/BSP/Components/Common -I../../Drivers/BSP/Components -I../../Middlewares/Third_Party/LwIP/src/include -I../../Middlewares/Third_Party/LwIP/system -I../../Middlewares/Third_Party/FreeRTOS/Source/portable/GCC/ARM_CM4F -I../../Middlewares/Third_Party/FreeRTOS/Source -I../../Middlewares/Third_Party/FreeRTOS/Source/CMSIS_RTOS_V2 -I../../Middlewares/Third_Party/FreeRTOS/Source/include -I../../Utilities -I"C:/Users/chris/Stm32H723NucleoPtpExample/LwIP_HTTP_Server_Socket_RTOS/STM32CubeIDE/Application/User/ptpd/src" -I"C:/Users/chris/Stm32H723NucleoPtpExample/LwIP_HTTP_Server_Socket_RTOS/STM32CubeIDE/Application/User" -O2 -ffunction-sections -fdata-sections -fstack-usage -fcyclomatic-complexity -MMD -MP -MF"Middlewares/LwIP/Core/IPv4/icmp.d" -MT"Middlewares/LwIP/Core/IPv4/icmp.o" --specs=nano.specs -mfpu=fpv5-d16 -mfloat-abi=hard -mthumb -o "Middlewares/LwIP/Core/IPv4/icmp.o"
arm-none-eabi-gcc "C:/Users/chris/Stm32H723NucleoPtpExample/LwIP_HTTP_Server_Socket_RTOS/Middlewares/Third_Party/LwIP/src/core/ipv4/igmp.c" -mcpu=cortex-m7 -std=gnu11 -g3 -DUSE_HAL_DRIVER -DSTM32H723xx -DDEBUG -c -I../../Inc -I../../Src -I../../Drivers/CMSIS/Include -I../../Drivers/CMSIS/Device/ST/STM32H7xx/Include -I../../Drivers/STM32H7xx_HAL_Driver/Inc -I../../Drivers/BSP/STM32H7xx_Nucleo -I../../Drivers/BSP/Components/Common -I../../Drivers/BSP/Components -I../../Middlewares/Third_Party/LwIP/src/include -I../../Middlewares/Third_Party/LwIP/system -I../../Middlewares/Third_Party/FreeRTOS/Source/portable/GCC/ARM_CM4F -I../../Middlewares/Third_Party/FreeRTOS/Source -I../../Middlewares/Third_Party/FreeRTOS/Source/CMSIS_RTOS_V2 -I../../Middlewares/Third_Party/FreeRTOS/Source/include -I../../Utilities -I"C:/Users/chris/Stm32H723NucleoPtpExample/LwIP_HTTP_Server_Socket_RTOS/STM32CubeIDE/Application/User/ptpd/src" -I"C:/Users/chris/Stm32H723NucleoPtpExample/LwIP_HTTP_Server_Socket_RTOS/STM32CubeIDE/Application/User" -O2 -ffunction-sections -fdata-sections -fstack-usage -fcyclomatic-complexity -MMD -MP -MF"Middlewares/LwIP/Core/IPv4/igmp.d" -MT"Middlewares/LwIP/Core/IPv4/igmp.o" --specs=nano.specs -mfpu=fpv5-d16 -mfloat-abi=hard -mthumb -o "Middlewares/LwIP/Core/IPv4/igmp.o"
arm-none-eabi-gcc "C:/Users/chris/Stm32H723NucleoPtpExample/LwIP_HTTP_Server_Socket_RTOS/Middlewares/Third_Party/LwIP/src/core/ipv4/ip4.c" -mcpu=cortex-m7 -std=gnu11 -g3 -DUSE_HAL_DRIVER -DSTM32H723xx -DDEBUG -c -I../../Inc -I../../Src -I../../Drivers/CMSIS/Include -I../../Drivers/CMSIS/Device/ST/STM32H7xx/Include -I../../Drivers/STM32H7xx_HAL_Driver/Inc -I../../Drivers/BSP/STM32H7xx_Nucleo -I../../Drivers/BSP/Components/Common -I../../Drivers/BSP/Components -I../../Middlewares/Third_Party/LwIP/src/include -I../../Middlewares/Third_Party/LwIP/system -I../../Middlewares/Third_Party/FreeRTOS/Source/portable/GCC/ARM_CM4F -I../../Middlewares/Third_Party/FreeRTOS/Source -I../../Middlewares/Third_Party/FreeRTOS/Source/CMSIS_RTOS_V2 -I../../Middlewares/Third_Party/FreeRTOS/Source/include -I../../Utilities -I"C:/Users/chris/Stm32H723NucleoPtpExample/LwIP_HTTP_Server_Socket_RTOS/STM32CubeIDE/Application/User/ptpd/src" -I"C:/Users/chris/Stm32H723NucleoPtpExample/LwIP_HTTP_Server_Socket_RTOS/STM32CubeIDE/Application/User" -O2 -ffunction-sections -fdata-sections -fstack-usage -fcyclomatic-complexity -MMD -MP -MF"Middlewares/LwIP/Core/IPv4/ip4.d" -MT"Middlewares/LwIP/Core/IPv4/ip4.o" --specs=nano.specs -mfpu=fpv5-d16 -mfloat-abi=hard -mthumb -o "Middlewares/LwIP/Core/IPv4/ip4.o"
arm-none-eabi-gcc "C:/Users/chris/Stm32H723NucleoPtpExample/LwIP_HTTP_Server_Socket_RTOS/Middlewares/Third_Party/LwIP/src/core/ipv4/ip4_addr.c" -mcpu=cortex-m7 -std=gnu11 -g3 -DUSE_HAL_DRIVER -DSTM32H723xx -DDEBUG -c -I../../Inc -I../../Src -I../../Drivers/CMSIS/Include -I../../Drivers/CMSIS/Device/ST/STM32H7xx/Include -I../../Drivers/STM32H7xx_HAL_Driver/Inc -I../../Drivers/BSP/STM32H7xx_Nucleo -I../../Drivers/BSP/Components/Common -I../../Drivers/BSP/Components -I../../Middlewares/Third_Party/LwIP/src/include -I../../Middlewares/Third_Party/LwIP/system -I../../Middlewares/Third_Party/FreeRTOS/Source/portable/GCC/ARM_CM4F -I../../Middlewares/Third_Party/FreeRTOS/Source -I../../Middlewares/Third_Party/FreeRTOS/Source/CMSIS_RTOS_V2 -I../../Middlewares/Third_Party/FreeRTOS/Source/include -I../../Utilities -I"C:/Users/chris/Stm32H723NucleoPtpExample/LwIP_HTTP_Server_Socket_RTOS/STM32CubeIDE/Application/User/ptpd/src" -I"C:/Users/chris/Stm32H723NucleoPtpExample/LwIP_HTTP_Server_Socket_RTOS/STM32CubeIDE/Application/User" -O2 -ffunction-sections -fdata-sections -fstack-usage -fcyclomatic-complexity -MMD -MP -MF"Middlewares/LwIP/Core/IPv4/ip4_addr.d" -MT"Middlewares/LwIP/Core/IPv4/ip4_addr.o" --specs=nano.specs -mfpu=fpv5-d16 -mfloat-abi=hard -mthumb -o "Middlewares/LwIP/Core/IPv4/ip4_addr.o"
arm-none-eabi-gcc "C:/Users/chris/Stm32H723NucleoPtpExample/LwIP_HTTP_Server_Socket_RTOS/Middlewares/Third_Party/LwIP/src/core/ipv4/ip4_frag.c" -mcpu=cortex-m7 -std=gnu11 -g3 -DUSE_HAL_DRIVER -DSTM32H723xx -DDEBUG -c -I../../Inc -I../../Src -I../../Drivers/CMSIS/Include -I../../Drivers/CMSIS/Device/ST/STM32H7xx/Include -I../../Drivers/STM32H7xx_HAL_Driver/Inc -I../../Drivers/BSP/STM32H7xx_Nucleo -I../../Drivers/BSP/Components/Common -I../../Drivers/BSP/Components -I../../Middlewares/Third_Party/LwIP/src/include -I../../Middlewares/Third_Party/LwIP/system -I../../Middlewares/Third_Party/FreeRTOS/Source/portable/GCC/ARM_CM4F -I../../Middlewares/Third_Party/FreeRTOS/Source -I../../Middlewares/Third_Party/FreeRTOS/Source/CMSIS_RTOS_V2 -I../../Middlewares/Third_Party/FreeRTOS/Source/include -I../../Utilities -I"C:/Users/chris/Stm32H723NucleoPtpExample/LwIP_HTTP_Server_Socket_RTOS/STM32CubeIDE/Application/User/ptpd/src" -I"C:/Users/chris/Stm32H723NucleoPtpExample/LwIP_HTTP_Server_Socket_RTOS/STM32CubeIDE/Application/User" -O2 -ffunction-sections -fdata-sections -fstack-usage -fcyclomatic-complexity -MMD -MP -MF"Middlewares/LwIP/Core/IPv4/ip4_frag.d" -MT"Middlewares/LwIP/Core/IPv4/ip4_frag.o" --specs=nano.specs -mfpu=fpv5-d16 -mfloat-abi=hard -mthumb -o "Middlewares/LwIP/Core/IPv4/ip4_frag.o"
arm-none-eabi-gcc "C:/Users/chris/Stm32H723NucleoPtpExample/LwIP_HTTP_Server_Socket_RTOS/Middlewares/Third_Party/LwIP/src/core/def.c" -mcpu=cortex-m7 -std=gnu11 -g3 -DUSE_HAL_DRIVER -DSTM32H723xx -DDEBUG -c -I../../Inc -I../../Src -I../../Drivers/CMSIS/Include -I../../Drivers/CMSIS/Device/ST/STM32H7xx/Include -I../../Drivers/STM32H7xx_HAL_Driver/Inc -I../../Drivers/BSP/STM32H7xx_Nucleo -I../../Drivers/BSP/Components/Common -I../../Drivers/BSP/Components -I../../Middlewares/Third_Party/LwIP/src/include -I../../Middlewares/Third_Party/LwIP/system -I../../Middlewares/Third_Party/FreeRTOS/Source/portable/GCC/ARM_CM4F -I../../Middlewares/Third_Party/FreeRTOS/Source -I../../Middlewares/Third_Party/FreeRTOS/Source/CMSIS_RTOS_V2 -I../../Middlewares/Third_Party/FreeRTOS/Source/include -I../../Utilities -I"C:/Users/chris/Stm32H723NucleoPtpExample/LwIP_HTTP_Server_Socket_RTOS/STM32CubeIDE/Application/User/ptpd/src" -I"C:/Users/chris/Stm32H723NucleoPtpExample/LwIP_HTTP_Server_Socket_RTOS/STM32CubeIDE/Application/User" -O2 -ffunction-sections -fdata-sections -fstack-usage -fcyclomatic-complexity -MMD -MP -MF"Middlewares/LwIP/Core/def.d" -MT"Middlewares/LwIP/Core/def.o" --specs=nano.specs -mfpu=fpv5-d16 -mfloat-abi=hard -mthumb -o "Middlewares/LwIP/Core/def.o"
arm-none-eabi-gcc "C:/Users/chris/Stm32H723NucleoPtpExample/LwIP_HTTP_Server_Socket_RTOS/Middlewares/Third_Party/LwIP/src/core/dns.c" -mcpu=cortex-m7 -std=gnu11 -g3 -DUSE_HAL_DRIVER -DSTM32H723xx -DDEBUG -c -I../../Inc -I../../Src -I../../Drivers/CMSIS/Include -I../../Drivers/CMSIS/Device/ST/STM32H7xx/Include -I../../Drivers/STM32H7xx_HAL_Driver/Inc -I../../Drivers/BSP/STM32H7xx_Nucleo -I../../Drivers/BSP/Components/Common -I../../Drivers/BSP/Components -I../../Middlewares/Third_Party/LwIP/src/include -I../../Middlewares/Third_Party/LwIP/system -I../../Middlewares/Third_Party/FreeRTOS/Source/portable/GCC/ARM_CM4F -I../../Middlewares/Third_Party/FreeRTOS/Source -I../../Middlewares/Third_Party/FreeRTOS/Source/CMSIS_RTOS_V2 -I../../Middlewares/Third_Party/FreeRTOS/Source/include -I../../Utilities -I"C:/Users/chris/Stm32H723NucleoPtpExample/LwIP_HTTP_Server_Socket_RTOS/STM32CubeIDE/Application/User/ptpd/src" -I"C:/Users/chris/Stm32H723NucleoPtpExample/LwIP_HTTP_Server_Socket_RTOS/STM32CubeIDE/Application/User" -O2 -ffunction-sections -fdata-sections -fstack-usage -fcyclomatic-complexity -MMD -MP -MF"Middlewares/LwIP/Core/dns.d" -MT"Middlewares/LwIP/Core/dns.o" --specs=nano.specs -mfpu=fpv5-d16 -mfloat-abi=hard -mthumb -o "Middlewares/LwIP/Core/dns.o"
arm-none-eabi-gcc "C:/Users/chris/Stm32H723NucleoPtpExample/LwIP_HTTP_Server_Socket_RTOS/Middlewares/Third_Party/LwIP/src/core/inet_chksum.c" -mcpu=cortex-m7 -std=gnu11 -g3 -DUSE_HAL_DRIVER -DSTM32H723xx -DDEBUG -c -I../../Inc -I../../Src -I../../Drivers/CMSIS/Include -I../../Drivers/CMSIS/Device/ST/STM32H7xx/Include -I../../Drivers/STM32H7xx_HAL_Driver/Inc -I../../Drivers/BSP/STM32H7xx_Nucleo -I../../Drivers/BSP/Components/Common -I../../Drivers/BSP/Components -I../../Middlewares/Third_Party/LwIP/src/include -I../../Middlewares/Third_Party/LwIP/system -I../../Middlewares/Third_Party/FreeRTOS/Source/portable/GCC/ARM_CM4F -I../../Middlewares/Third_Party/FreeRTOS/Source -I../../Middlewares/Third_Party/FreeRTOS/Source/CMSIS_RTOS_V2 -I../../Middlewares/Third_Party/FreeRTOS/Source/include -I../../Utilities -I"C:/Users/chris/Stm32H723NucleoPtpExample/LwIP_HTTP_Server_Socket_RTOS/STM32CubeIDE/Application/User/ptpd/src" -I"C:/Users/chris/Stm32H723NucleoPtpExample/LwIP_HTTP_Server_Socket_RTOS/STM32CubeIDE/Application/User" -O2 -ffunction-sections -fdata-sections -fstack-usage -fcyclomatic-complexity -MMD -MP -MF"Middlewares/LwIP/Core/inet_chksum.d" -MT"Middlewares/LwIP/Core/inet_chksum.o" --specs=nano.specs -mfpu=fpv5-d16 -mfloat-abi=hard -mthumb -o "Middlewares/LwIP/Core/inet_chksum.o"
arm-none-eabi-gcc "C:/Users/chris/Stm32H723NucleoPtpExample/LwIP_HTTP_Server_Socket_RTOS/Middlewares/Third_Party/LwIP/src/core/init.c" -mcpu=cortex-m7 -std=gnu11 -g3 -DUSE_HAL_DRIVER -DSTM32H723xx -DDEBUG -c -I../../Inc -I../../Src -I../../Drivers/CMSIS/Include -I../../Drivers/CMSIS/Device/ST/STM32H7xx/Include -I../../Drivers/STM32H7xx_HAL_Driver/Inc -I../../Drivers/BSP/STM32H7xx_Nucleo -I../../Drivers/BSP/Components/Common -I../../Drivers/BSP/Components -I../../Middlewares/Third_Party/LwIP/src/include -I../../Middlewares/Third_Party/LwIP/system -I../../Middlewares/Third_Party/FreeRTOS/Source/portable/GCC/ARM_CM4F -I../../Middlewares/Third_Party/FreeRTOS/Source -I../../Middlewares/Third_Party/FreeRTOS/Source/CMSIS_RTOS_V2 -I../../Middlewares/Third_Party/FreeRTOS/Source/include -I../../Utilities -I"C:/Users/chris/Stm32H723NucleoPtpExample/LwIP_HTTP_Server_Socket_RTOS/STM32CubeIDE/Application/User/ptpd/src" -I"C:/Users/chris/Stm32H723NucleoPtpExample/LwIP_HTTP_Server_Socket_RTOS/STM32CubeIDE/Application/User" -O2 -ffunction-sections -fdata-sections -fstack-usage -fcyclomatic-complexity -MMD -MP -MF"Middlewares/LwIP/Core/init.d" -MT"Middlewares/LwIP/Core/init.o" --specs=nano.specs -mfpu=fpv5-d16 -mfloat-abi=hard -mthumb -o "Middlewares/LwIP/Core/init.o"
arm-none-eabi-gcc "C:/Users/chris/Stm32H723NucleoPtpExample/LwIP_HTTP_Server_Socket_RTOS/Middlewares/Third_Party/LwIP/src/core/ip.c" -mcpu=cortex-m7 -std=gnu11 -g3 -DUSE_HAL_DRIVER -DSTM32H723xx -DDEBUG -c -I../../Inc -I../../Src -I../../Drivers/CMSIS/Include -I../../Drivers/CMSIS/Device/ST/STM32H7xx/Include -I../../Drivers/STM32H7xx_HAL_Driver/Inc -I../../Drivers/BSP/STM32H7xx_Nucleo -I../../Drivers/BSP/Components/Common -I../../Drivers/BSP/Components -I../../Middlewares/Third_Party/LwIP/src/include -I../../Middlewares/Third_Party/LwIP/system -I../../Middlewares/Third_Party/FreeRTOS/Source/portable/GCC/ARM_CM4F -I../../Middlewares/Third_Party/FreeRTOS/Source -I../../Middlewares/Third_Party/FreeRTOS/Source/CMSIS_RTOS_V2 -I../../Middlewares/Third_Party/FreeRTOS/Source/include -I../../Utilities -I"C:/Users/chris/Stm32H723NucleoPtpExample/LwIP_HTTP_Server_Socket_RTOS/STM32CubeIDE/Application/User/ptpd/src" -I"C:/Users/chris/Stm32H723NucleoPtpExample/LwIP_HTTP_Server_Socket_RTOS/STM32CubeIDE/Application/User" -O2 -ffunction-sections -fdata-sections -fstack-usage -fcyclomatic-complexity -MMD -MP -MF"Middlewares/LwIP/Core/ip.d" -MT"Middlewares/LwIP/Core/ip.o" --specs=nano.specs -mfpu=fpv5-d16 -mfloat-abi=hard -mthumb -o "Middlewares/LwIP/Core/ip.o"
arm-none-eabi-gcc "C:/Users/chris/Stm32H723NucleoPtpExample/LwIP_HTTP_Server_Socket_RTOS/Middlewares/Third_Party/LwIP/src/core/mem.c" -mcpu=cortex-m7 -std=gnu11 -g3 -DUSE_HAL_DRIVER -DSTM32H723xx -DDEBUG -c -I../../Inc -I../../Src -I../../Drivers/CMSIS/Include -I../../Drivers/CMSIS/Device/ST/STM32H7xx/Include -I../../Drivers/STM32H7xx_HAL_Driver/Inc -I../../Drivers/BSP/STM32H7xx_Nucleo -I../../Drivers/BSP/Components/Common -I../../Drivers/BSP/Components -I../../Middlewares/Third_Party/LwIP/src/include -I../../Middlewares/Third_Party/LwIP/system -I../../Middlewares/Third_Party/FreeRTOS/Source/portable/GCC/ARM_CM4F -I../../Middlewares/Third_Party/FreeRTOS/Source -I../../Middlewares/Third_Party/FreeRTOS/Source/CMSIS_RTOS_V2 -I../../Middlewares/Third_Party/FreeRTOS/Source/include -I../../Utilities -I"C:/Users/chris/Stm32H723NucleoPtpExample/LwIP_HTTP_Server_Socket_RTOS/STM32CubeIDE/Application/User/ptpd/src" -I"C:/Users/chris/Stm32H723NucleoPtpExample/LwIP_HTTP_Server_Socket_RTOS/STM32CubeIDE/Application/User" -O2 -ffunction-sections -fdata-sections -fstack-usage -fcyclomatic-complexity -MMD -MP -MF"Middlewares/LwIP/Core/mem.d" -MT"Middlewares/LwIP/Core/mem.o" --specs=nano.specs -mfpu=fpv5-d16 -mfloat-abi=hard -mthumb -o "Middlewares/LwIP/Core/mem.o"
arm-none-eabi-gcc "C:/Users/chris/Stm32H723NucleoPtpExample/LwIP_HTTP_Server_Socket_RTOS/Middlewares/Third_Party/LwIP/src/core/memp.c" -mcpu=cortex-m7 -std=gnu11 -g3 -DUSE_HAL_DRIVER -DSTM32H723xx -DDEBUG -c -I../../Inc -I../../Src -I../../Drivers/CMSIS/Include -I../../Drivers/CMSIS/Device/ST/STM32H7xx/Include -I../../Drivers/STM32H7xx_HAL_Driver/Inc -I../../Drivers/BSP/STM32H7xx_Nucleo -I../../Drivers/BSP/Components/Common -I../../Drivers/BSP/Components -I../../Middlewares/Third_Party/LwIP/src/include -I../../Middlewares/Third_Party/LwIP/system -I../../Middlewares/Third_Party/FreeRTOS/Source/portable/GCC/ARM_CM4F -I../../Middlewares/Third_Party/FreeRTOS/Source -I../../Middlewares/Third_Party/FreeRTOS/Source/CMSIS_RTOS_V2 -I../../Middlewares/Third_Party/FreeRTOS/Source/include -I../../Utilities -I"C:/Users/chris/Stm32H723NucleoPtpExample/LwIP_HTTP_Server_Socket_RTOS/STM32CubeIDE/Application/User/ptpd/src" -I"C:/Users/chris/Stm32H723NucleoPtpExample/LwIP_HTTP_Server_Socket_RTOS/STM32CubeIDE/Application/User" -O2 -ffunction-sections -fdata-sections -fstack-usage -fcyclomatic-complexity -MMD -MP -MF"Middlewares/LwIP/Core/memp.d" -MT"Middlewares/LwIP/Core/memp.o" --specs=nano.specs -mfpu=fpv5-d16 -mfloat-abi=hard -mthumb -o "Middlewares/LwIP/Core/memp.o"
arm-none-eabi-gcc "C:/Users/chris/Stm32H723NucleoPtpExample/LwIP_HTTP_Server_Socket_RTOS/Middlewares/Third_Party/LwIP/src/core/netif.c" -mcpu=cortex-m7 -std=gnu11 -g3 -DUSE_HAL_DRIVER -DSTM32H723xx -DDEBUG -c -I../../Inc -I../../Src -I../../Drivers/CMSIS/Include -I../../Drivers/CMSIS/Device/ST/STM32H7xx/Include -I../../Drivers/STM32H7xx_HAL_Driver/Inc -I../../Drivers/BSP/STM32H7xx_Nucleo -I../../Drivers/BSP/Components/Common -I../../Drivers/BSP/Components -I../../Middlewares/Third_Party/LwIP/src/include -I../../Middlewares/Third_Party/LwIP/system -I../../Middlewares/Third_Party/FreeRTOS/Source/portable/GCC/ARM_CM4F -I../../Middlewares/Third_Party/FreeRTOS/Source -I../../Middlewares/Third_Party/FreeRTOS/Source/CMSIS_RTOS_V2 -I../../Middlewares/Third_Party/FreeRTOS/Source/include -I../../Utilities -I"C:/Users/chris/Stm32H723NucleoPtpExample/LwIP_HTTP_Server_Socket_RTOS/STM32CubeIDE/Application/User/ptpd/src" -I"C:/Users/chris/Stm32H723NucleoPtpExample/LwIP_HTTP_Server_Socket_RTOS/STM32CubeIDE/Application/User" -O2 -ffunction-sections -fdata-sections -fstack-usage -fcyclomatic-complexity -MMD -MP -MF"Middlewares/LwIP/Core/netif.d" -MT"Middlewares/LwIP/Core/netif.o" --specs=nano.specs -mfpu=fpv5-d16 -mfloat-abi=hard -mthumb -o "Middlewares/LwIP/Core/netif.o"
arm-none-eabi-gcc "C:/Users/chris/Stm32H723NucleoPtpExample/LwIP_HTTP_Server_Socket_RTOS/Middlewares/Third_Party/LwIP/src/core/pbuf.c" -mcpu=cortex-m7 -std=gnu11 -g3 -DUSE_HAL_DRIVER -DSTM32H723xx -DDEBUG -c -I../../Inc -I../../Src -I../../Drivers/CMSIS/Include -I../../Drivers/CMSIS/Device/ST/STM32H7xx/Include -I../../Drivers/STM32H7xx_HAL_Driver/Inc -I../../Drivers/BSP/STM32H7xx_Nucleo -I../../Drivers/BSP/Components/Common -I../../Drivers/BSP/Components -I../../Middlewares/Third_Party/LwIP/src/include -I../../Middlewares/Third_Party/LwIP/system -I../../Middlewares/Third_Party/FreeRTOS/Source/portable/GCC/ARM_CM4F -I../../Middlewares/Third_Party/FreeRTOS/Source -I../../Middlewares/Third_Party/FreeRTOS/Source/CMSIS_RTOS_V2 -I../../Middlewares/Third_Party/FreeRTOS/Source/include -I../../Utilities -I"C:/Users/chris/Stm32H723NucleoPtpExample/LwIP_HTTP_Server_Socket_RTOS/STM32CubeIDE/Application/User/ptpd/src" -I"C:/Users/chris/Stm32H723NucleoPtpExample/LwIP_HTTP_Server_Socket_RTOS/STM32CubeIDE/Application/User" -O2 -ffunction-sections -fdata-sections -fstack-usage -fcyclomatic-complexity -MMD -MP -MF"Middlewares/LwIP/Core/pbuf.d" -MT"Middlewares/LwIP/Core/pbuf.o" --specs=nano.specs -mfpu=fpv5-d16 -mfloat-abi=hard -mthumb -o "Middlewares/LwIP/Core/pbuf.o"
arm-none-eabi-gcc "C:/Users/chris/Stm32H723NucleoPtpExample/LwIP_HTTP_Server_Socket_RTOS/Middlewares/Third_Party/LwIP/src/core/raw.c" -mcpu=cortex-m7 -std=gnu11 -g3 -DUSE_HAL_DRIVER -DSTM32H723xx -DDEBUG -c -I../../Inc -I../../Src -I../../Drivers/CMSIS/Include -I../../Drivers/CMSIS/Device/ST/STM32H7xx/Include -I../../Drivers/STM32H7xx_HAL_Driver/Inc -I../../Drivers/BSP/STM32H7xx_Nucleo -I../../Drivers/BSP/Components/Common -I../../Drivers/BSP/Components -I../../Middlewares/Third_Party/LwIP/src/include -I../../Middlewares/Third_Party/LwIP/system -I../../Middlewares/Third_Party/FreeRTOS/Source/portable/GCC/ARM_CM4F -I../../Middlewares/Third_Party/FreeRTOS/Source -I../../Middlewares/Third_Party/FreeRTOS/Source/CMSIS_RTOS_V2 -I../../Middlewares/Third_Party/FreeRTOS/Source/include -I../../Utilities -I"C:/Users/chris/Stm32H723NucleoPtpExample/LwIP_HTTP_Server_Socket_RTOS/STM32CubeIDE/Application/User/ptpd/src" -I"C:/Users/chris/Stm32H723NucleoPtpExample/LwIP_HTTP_Server_Socket_RTOS/STM32CubeIDE/Application/User" -O2 -ffunction-sections -fdata-sections -fstack-usage -fcyclomatic-complexity -MMD -MP -MF"Middlewares/LwIP/Core/raw.d" -MT"Middlewares/LwIP/Core/raw.o" --specs=nano.specs -mfpu=fpv5-d16 -mfloat-abi=hard -mthumb -o "Middlewares/LwIP/Core/raw.o"
arm-none-eabi-gcc "C:/Users/chris/Stm32H723NucleoPtpExample/LwIP_HTTP_Server_Socket_RTOS/Middlewares/Third_Party/LwIP/src/core/stats.c" -mcpu=cortex-m7 -std=gnu11 -g3 -DUSE_HAL_DRIVER -DSTM32H723xx -DDEBUG -c -I../../Inc -I../../Src -I../../Drivers/CMSIS/Include -I../../Drivers/CMSIS/Device/ST/STM32H7xx/Include -I../../Drivers/STM32H7xx_HAL_Driver/Inc -I../../Drivers/BSP/STM32H7xx_Nucleo -I../../Drivers/BSP/Components/Common -I../../Drivers/BSP/Components -I../../Middlewares/Third_Party/LwIP/src/include -I../../Middlewares/Third_Party/LwIP/system -I../../Middlewares/Third_Party/FreeRTOS/Source/portable/GCC/ARM_CM4F -I../../Middlewares/Third_Party/FreeRTOS/Source -I../../Middlewares/Third_Party/FreeRTOS/Source/CMSIS_RTOS_V2 -I../../Middlewares/Third_Party/FreeRTOS/Source/include -I../../Utilities -I"C:/Users/chris/Stm32H723NucleoPtpExample/LwIP_HTTP_Server_Socket_RTOS/STM32CubeIDE/Application/User/ptpd/src" -I"C:/Users/chris/Stm32H723NucleoPtpExample/LwIP_HTTP_Server_Socket_RTOS/STM32CubeIDE/Application/User" -O2 -ffunction-sections -fdata-sections -fstack-usage -fcyclomatic-complexity -MMD -MP -MF"Middlewares/LwIP/Core/stats.d" -MT"Middlewares/LwIP/Core/stats.o" --specs=nano.specs -mfpu=fpv5-d16 -mfloat-abi=hard -mthumb -o "Middlewares/LwIP/Core/stats.o"
arm-none-eabi-gcc "C:/Users/chris/Stm32H723NucleoPtpExample/LwIP_HTTP_Server_Socket_RTOS/Middlewares/Third_Party/LwIP/src/core/sys.c" -mcpu=cortex-m7 -std=gnu11 -g3 -DUSE_HAL_DRIVER -DSTM32H723xx -DDEBUG -c -I../../Inc -I../../Src -I../../Drivers/CMSIS/Include -I../../Drivers/CMSIS/Device/ST/STM32H7xx/Include -I../../Drivers/STM32H7xx_HAL_Driver/Inc -I../../Drivers/BSP/STM32H7xx_Nucleo -I../../Drivers/BSP/Components/Common -I../../Drivers/BSP/Components -I../../Middlewares/Third_Party/LwIP/src/include -I../../Middlewares/Third_Party/LwIP/system -I../../Middlewares/Third_Party/FreeRTOS/Source/portable/GCC/ARM_CM4F -I../../Middlewares/Third_Party/FreeRTOS/Source -I../../Middlewares/Third_Party/FreeRTOS/Source/CMSIS_RTOS_V2 -I../../Middlewares/Third_Party/FreeRTOS/Source/include -I../../Utilities -I"C:/Users/chris/Stm32H723NucleoPtpExample/LwIP_HTTP_Server_Socket_RTOS/STM32CubeIDE/Application/User/ptpd/src" -I"C:/Users/chris/Stm32H723NucleoPtpExample/LwIP_HTTP_Server_Socket_RTOS/STM32CubeIDE/Application/User" -O2 -ffunction-sections -fdata-sections -fstack-usage -fcyclomatic-complexity -MMD -MP -MF"Middlewares/LwIP/Core/sys.d" -MT"Middlewares/LwIP/Core/sys.o" --specs=nano.specs -mfpu=fpv5-d16 -mfloat-abi=hard -mthumb -o "Middlewares/LwIP/Core/sys.o"
arm-none-eabi-gcc "C:/Users/chris/Stm32H723NucleoPtpExample/LwIP_HTTP_Server_Socket_RTOS/Middlewares/Third_Party/LwIP/src/core/tcp.c" -mcpu=cortex-m7 -std=gnu11 -g3 -DUSE_HAL_DRIVER -DSTM32H723xx -DDEBUG -c -I../../Inc -I../../Src -I../../Drivers/CMSIS/Include -I../../Drivers/CMSIS/Device/ST/STM32H7xx/Include -I../../Drivers/STM32H7xx_HAL_Driver/Inc -I../../Drivers/BSP/STM32H7xx_Nucleo -I../../Drivers/BSP/Components/Common -I../../Drivers/BSP/Components -I../../Middlewares/Third_Party/LwIP/src/include -I../../Middlewares/Third_Party/LwIP/system -I../../Middlewares/Third_Party/FreeRTOS/Source/portable/GCC/ARM_CM4F -I../../Middlewares/Third_Party/FreeRTOS/Source -I../../Middlewares/Third_Party/FreeRTOS/Source/CMSIS_RTOS_V2 -I../../Middlewares/Third_Party/FreeRTOS/Source/include -I../../Utilities -I"C:/Users/chris/Stm32H723NucleoPtpExample/LwIP_HTTP_Server_Socket_RTOS/STM32CubeIDE/Application/User/ptpd/src" -I"C:/Users/chris/Stm32H723NucleoPtpExample/LwIP_HTTP_Server_Socket_RTOS/STM32CubeIDE/Application/User" -O2 -ffunction-sections -fdata-sections -fstack-usage -fcyclomatic-complexity -MMD -MP -MF"Middlewares/LwIP/Core/tcp.d" -MT"Middlewares/LwIP/Core/tcp.o" --specs=nano.specs -mfpu=fpv5-d16 -mfloat-abi=hard -mthumb -o "Middlewares/LwIP/Core/tcp.o"
arm-none-eabi-gcc "C:/Users/chris/Stm32H723NucleoPtpExample/LwIP_HTTP_Server_Socket_RTOS/Middlewares/Third_Party/LwIP/src/core/tcp_in.c" -mcpu=cortex-m7 -std=gnu11 -g3 -DUSE_HAL_DRIVER -DSTM32H723xx -DDEBUG -c -I../../Inc -I../../Src -I../../Drivers/CMSIS/Include -I../../Drivers/CMSIS/Device/ST/STM32H7xx/Include -I../../Drivers/STM32H7xx_HAL_Driver/Inc -I../../Drivers/BSP/STM32H7xx_Nucleo -I../../Drivers/BSP/Components/Common -I../../Drivers/BSP/Components -I../../Middlewares/Third_Party/LwIP/src/include -I../../Middlewares/Third_Party/LwIP/system -I../../Middlewares/Third_Party/FreeRTOS/Source/portable/GCC/ARM_CM4F -I../../Middlewares/Third_Party/FreeRTOS/Source -I../../Middlewares/Third_Party/FreeRTOS/Source/CMSIS_RTOS_V2 -I../../Middlewares/Third_Party/FreeRTOS/Source/include -I../../Utilities -I"C:/Users/chris/Stm32H723NucleoPtpExample/LwIP_HTTP_Server_Socket_RTOS/STM32CubeIDE/Application/User/ptpd/src" -I"C:/Users/chris/Stm32H723NucleoPtpExample/LwIP_HTTP_Server_Socket_RTOS/STM32CubeIDE/Application/User" -O2 -ffunction-sections -fdata-sections -fstack-usage -fcyclomatic-complexity -MMD -MP -MF"Middlewares/LwIP/Core/tcp_in.d" -MT"Middlewares/LwIP/Core/tcp_in.o" --specs=nano.specs -mfpu=fpv5-d16 -mfloat-abi=hard -mthumb -o "Middlewares/LwIP/Core/tcp_in.o"
arm-none-eabi-gcc "C:/Users/chris/Stm32H723NucleoPtpExample/LwIP_HTTP_Server_Socket_RTOS/Middlewares/Third_Party/LwIP/src/core/tcp_out.c" -mcpu=cortex-m7 -std=gnu11 -g3 -DUSE_HAL_DRIVER -DSTM32H723xx -DDEBUG -c -I../../Inc -I../../Src -I../../Drivers/CMSIS/Include -I../../Drivers/CMSIS/Device/ST/STM32H7xx/Include -I../../Drivers/STM32H7xx_HAL_Driver/Inc -I../../Drivers/BSP/STM32H7xx_Nucleo -I../../Drivers/BSP/Components/Common -I../../Drivers/BSP/Components -I../../Middlewares/Third_Party/LwIP/src/include -I../../Middlewares/Third_Party/LwIP/system -I../../Middlewares/Third_Party/FreeRTOS/Source/portable/GCC/ARM_CM4F -I../../Middlewares/Third_Party/FreeRTOS/Source -I../../Middlewares/Third_Party/FreeRTOS/Source/CMSIS_RTOS_V2 -I../../Middlewares/Third_Party/FreeRTOS/Source/include -I../../Utilities -I"C:/Users/chris/Stm32H723NucleoPtpExample/LwIP_HTTP_Server_Socket_RTOS/STM32CubeIDE/Application/User/ptpd/src" -I"C:/Users/chris/Stm32H723NucleoPtpExample/LwIP_HTTP_Server_Socket_RTOS/STM32CubeIDE/Application/User" -O2 -ffunction-sections -fdata-sections -fstack-usage -fcyclomatic-complexity -MMD -MP -MF"Middlewares/LwIP/Core/tcp_out.d" -MT"Middlewares/LwIP/Core/tcp_out.o" --specs=nano.specs -mfpu=fpv5-d16 -mfloat-abi=hard -mthumb -o "Middlewares/LwIP/Core/tcp_out.o"
arm-none-eabi-gcc "C:/Users/chris/Stm32H723NucleoPtpExample/LwIP_HTTP_Server_Socket_RTOS/Middlewares/Third_Party/LwIP/src/core/timeouts.c" -mcpu=cortex-m7 -std=gnu11 -g3 -DUSE_HAL_DRIVER -DSTM32H723xx -DDEBUG -c -I../../Inc -I../../Src -I../../Drivers/CMSIS/Include -I../../Drivers/CMSIS/Device/ST/STM32H7xx/Include -I../../Drivers/STM32H7xx_HAL_Driver/Inc -I../../Drivers/BSP/STM32H7xx_Nucleo -I../../Drivers/BSP/Components/Common -I../../Drivers/BSP/Components -I../../Middlewares/Third_Party/LwIP/src/include -I../../Middlewares/Third_Party/LwIP/system -I../../Middlewares/Third_Party/FreeRTOS/Source/portable/GCC/ARM_CM4F -I../../Middlewares/Third_Party/FreeRTOS/Source -I../../Middlewares/Third_Party/FreeRTOS/Source/CMSIS_RTOS_V2 -I../../Middlewares/Third_Party/FreeRTOS/Source/include -I../../Utilities -I"C:/Users/chris/Stm32H723NucleoPtpExample/LwIP_HTTP_Server_Socket_RTOS/STM32CubeIDE/Application/User/ptpd/src" -I"C:/Users/chris/Stm32H723NucleoPtpExample/LwIP_HTTP_Server_Socket_RTOS/STM32CubeIDE/Application/User" -O2 -ffunction-sections -fdata-sections -fstack-usage -fcyclomatic-complexity -MMD -MP -MF"Middlewares/LwIP/Core/timeouts.d" -MT"Middlewares/LwIP/Core/timeouts.o" --specs=nano.specs -mfpu=fpv5-d16 -mfloat-abi=hard -mthumb -o "Middlewares/LwIP/Core/timeouts.o"
arm-none-eabi-gcc "C:/Users/chris/Stm32H723NucleoPtpExample/LwIP_HTTP_Server_Socket_RTOS/Middlewares/Third_Party/LwIP/src/core/udp.c" -mcpu=cortex-m7 -std=gnu11 -g3 -DUSE_HAL_DRIVER -DSTM32H723xx -DDEBUG -c -I../../Inc -I../../Src -I../../Drivers/CMSIS/Include -I../../Drivers/CMSIS/Device/ST/STM32H7xx/Include -I../../Drivers/STM32H7xx_HAL_Driver/Inc -I../../Drivers/BSP/STM32H7xx_Nucleo -I../../Drivers/BSP/Components/Common -I../../Drivers/BSP/Components -I../../Middlewares/Third_Party/LwIP/src/include -I../../Middlewares/Third_Party/LwIP/system -I../../Middlewares/Third_Party/FreeRTOS/Source/portable/GCC/ARM_CM4F -I../../Middlewares/Third_Party/FreeRTOS/Source -I../../Middlewares/Third_Party/FreeRTOS/Source/CMSIS_RTOS_V2 -I../../Middlewares/Third_Party/FreeRTOS/Source/include -I../../Utilities -I"C:/Users/chris/Stm32H723NucleoPtpExample/LwIP_HTTP_Server_Socket_RTOS/STM32CubeIDE/Application/User/ptpd/src" -I"C:/Users/chris/Stm32H723NucleoPtpExample/LwIP_HTTP_Server_Socket_RTOS/STM32CubeIDE/Application/User" -O2 -ffunction-sections -fdata-sections -fstack-usage -fcyclomatic-complexity -MMD -MP -MF"Middlewares/LwIP/Core/udp.d" -MT"Middlewares/LwIP/Core/udp.o" --specs=nano.specs -mfpu=fpv5-d16 -mfloat-abi=hard -mthumb -o "Middlewares/LwIP/Core/udp.o"
arm-none-eabi-gcc "C:/Users/chris/Stm32H723NucleoPtpExample/LwIP_HTTP_Server_Socket_RTOS/Middlewares/Third_Party/LwIP/src/api/api_lib.c" -mcpu=cortex-m7 -std=gnu11 -g3 -DUSE_HAL_DRIVER -DSTM32H723xx -DDEBUG -c -I../../Inc -I../../Src -I../../Drivers/CMSIS/Include -I../../Drivers/CMSIS/Device/ST/STM32H7xx/Include -I../../Drivers/STM32H7xx_HAL_Driver/Inc -I../../Drivers/BSP/STM32H7xx_Nucleo -I../../Drivers/BSP/Components/Common -I../../Drivers/BSP/Components -I../../Middlewares/Third_Party/LwIP/src/include -I../../Middlewares/Third_Party/LwIP/system -I../../Middlewares/Third_Party/FreeRTOS/Source/portable/GCC/ARM_CM4F -I../../Middlewares/Third_Party/FreeRTOS/Source -I../../Middlewares/Third_Party/FreeRTOS/Source/CMSIS_RTOS_V2 -I../../Middlewares/Third_Party/FreeRTOS/Source/include -I../../Utilities -I"C:/Users/chris/Stm32H723NucleoPtpExample/LwIP_HTTP_Server_Socket_RTOS/STM32CubeIDE/Application/User/ptpd/src" -I"C:/Users/chris/Stm32H723NucleoPtpExample/LwIP_HTTP_Server_Socket_RTOS/STM32CubeIDE/Application/User" -O2 -ffunction-sections -fdata-sections -fstack-usage -fcyclomatic-complexity -MMD -MP -MF"Middlewares/LwIP/Api/api_lib.d" -MT"Middlewares/LwIP/Api/api_lib.o" --specs=nano.specs -mfpu=fpv5-d16 -mfloat-abi=hard -mthumb -o "Middlewares/LwIP/Api/api_lib.o"
arm-none-eabi-gcc "C:/Users/chris/Stm32H723NucleoPtpExample/LwIP_HTTP_Server_Socket_RTOS/Middlewares/Third_Party/LwIP/src/api/api_msg.c" -mcpu=cortex-m7 -std=gnu11 -g3 -DUSE_HAL_DRIVER -DSTM32H723xx -DDEBUG -c -I../../Inc -I../../Src -I../../Drivers/CMSIS/Include -I../../Drivers/CMSIS/Device/ST/STM32H7xx/Include -I../../Drivers/STM32H7xx_HAL_Driver/Inc -I../../Drivers/BSP/STM32H7xx_Nucleo -I../../Drivers/BSP/Components/Common -I../../Drivers/BSP/Components -I../../Middlewares/Third_Party/LwIP/src/include -I../../Middlewares/Third_Party/LwIP/system -I../../Middlewares/Third_Party/FreeRTOS/Source/portable/GCC/ARM_CM4F -I../../Middlewares/Third_Party/FreeRTOS/Source -I../../Middlewares/Third_Party/FreeRTOS/Source/CMSIS_RTOS_V2 -I../../Middlewares/Third_Party/FreeRTOS/Source/include -I../../Utilities -I"C:/Users/chris/Stm32H723NucleoPtpExample/LwIP_HTTP_Server_Socket_RTOS/STM32CubeIDE/Application/User/ptpd/src" -I"C:/Users/chris/Stm32H723NucleoPtpExample/LwIP_HTTP_Server_Socket_RTOS/STM32CubeIDE/Application/User" -O2 -ffunction-sections -fdata-sections -fstack-usage -fcyclomatic-complexity -MMD -MP -MF"Middlewares/LwIP/Api/api_msg.d" -MT"Middlewares/LwIP/Api/api_msg.o" --specs=nano.specs -mfpu=fpv5-d16 -mfloat-abi=hard -mthumb -o "Middlewares/LwIP/Api/api_msg.o"
arm-none-eabi-gcc "C:/Users/chris/Stm32H723NucleoPtpExample/LwIP_HTTP_Server_Socket_RTOS/Middlewares/Third_Party/LwIP/src/api/err.c" -mcpu=cortex-m7 -std=gnu11 -g3 -DUSE_HAL_DRIVER -DSTM32H723xx -DDEBUG -c -I../../Inc -I../../Src -I../../Drivers/CMSIS/Include -I../../Drivers/CMSIS/Device/ST/STM32H7xx/Include -I../../Drivers/STM32H7xx_HAL_Driver/Inc -I../../Drivers/BSP/STM32H7xx_Nucleo -I../../Drivers/BSP/Components/Common -I../../Drivers/BSP/Components -I../../Middlewares/Third_Party/LwIP/src/include -I../../Middlewares/Third_Party/LwIP/system -I../../Middlewares/Third_Party/FreeRTOS/Source/portable/GCC/ARM_CM4F -I../../Middlewares/Third_Party/FreeRTOS/Source -I../../Middlewares/Third_Party/FreeRTOS/Source/CMSIS_RTOS_V2 -I../../Middlewares/Third_Party/FreeRTOS/Source/include -I../../Utilities -I"C:/Users/chris/Stm32H723NucleoPtpExample/LwIP_HTTP_Server_Socket_RTOS/STM32CubeIDE/Application/User/ptpd/src" -I"C:/Users/chris/Stm32H723NucleoPtpExample/LwIP_HTTP_Server_Socket_RTOS/STM32CubeIDE/Application/User" -O2 -ffunction-sections -fdata-sections -fstack-usage -fcyclomatic-complexity -MMD -MP -MF"Middlewares/LwIP/Api/err.d" -MT"Middlewares/LwIP/Api/err.o" --specs=nano.specs -mfpu=fpv5-d16 -mfloat-abi=hard -mthumb -o "Middlewares/LwIP/Api/err.o"
arm-none-eabi-gcc "C:/Users/chris/Stm32H723NucleoPtpExample/LwIP_HTTP_Server_Socket_RTOS/Middlewares/Third_Party/LwIP/src/api/netbuf.c" -mcpu=cortex-m7 -std=gnu11 -g3 -DUSE_HAL_DRIVER -DSTM32H723xx -DDEBUG -c -I../../Inc -I../../Src -I../../Drivers/CMSIS/Include -I../../Drivers/CMSIS/Device/ST/STM32H7xx/Include -I../../Drivers/STM32H7xx_HAL_Driver/Inc -I../../Drivers/BSP/STM32H7xx_Nucleo -I../../Drivers/BSP/Components/Common -I../../Drivers/BSP/Components -I../../Middlewares/Third_Party/LwIP/src/include -I../../Middlewares/Third_Party/LwIP/system -I../../Middlewares/Third_Party/FreeRTOS/Source/portable/GCC/ARM_CM4F -I../../Middlewares/Third_Party/FreeRTOS/Source -I../../Middlewares/Third_Party/FreeRTOS/Source/CMSIS_RTOS_V2 -I../../Middlewares/Third_Party/FreeRTOS/Source/include -I../../Utilities -I"C:/Users/chris/Stm32H723NucleoPtpExample/LwIP_HTTP_Server_Socket_RTOS/STM32CubeIDE/Application/User/ptpd/src" -I"C:/Users/chris/Stm32H723NucleoPtpExample/LwIP_HTTP_Server_Socket_RTOS/STM32CubeIDE/Application/User" -O2 -ffunction-sections -fdata-sections -fstack-usage -fcyclomatic-complexity -MMD -MP -MF"Middlewares/LwIP/Api/netbuf.d" -MT"Middlewares/LwIP/Api/netbuf.o" --specs=nano.specs -mfpu=fpv5-d16 -mfloat-abi=hard -mthumb -o "Middlewares/LwIP/Api/netbuf.o"
arm-none-eabi-gcc "C:/Users/chris/Stm32H723NucleoPtpExample/LwIP_HTTP_Server_Socket_RTOS/Middlewares/Third_Party/LwIP/src/api/netdb.c" -mcpu=cortex-m7 -std=gnu11 -g3 -DUSE_HAL_DRIVER -DSTM32H723xx -DDEBUG -c -I../../Inc -I../../Src -I../../Drivers/CMSIS/Include -I../../Drivers/CMSIS/Device/ST/STM32H7xx/Include -I../../Drivers/STM32H7xx_HAL_Driver/Inc -I../../Drivers/BSP/STM32H7xx_Nucleo -I../../Drivers/BSP/Components/Common -I../../Drivers/BSP/Components -I../../Middlewares/Third_Party/LwIP/src/include -I../../Middlewares/Third_Party/LwIP/system -I../../Middlewares/Third_Party/FreeRTOS/Source/portable/GCC/ARM_CM4F -I../../Middlewares/Third_Party/FreeRTOS/Source -I../../Middlewares/Third_Party/FreeRTOS/Source/CMSIS_RTOS_V2 -I../../Middlewares/Third_Party/FreeRTOS/Source/include -I../../Utilities -I"C:/Users/chris/Stm32H723NucleoPtpExample/LwIP_HTTP_Server_Socket_RTOS/STM32CubeIDE/Application/User/ptpd/src" -I"C:/Users/chris/Stm32H723NucleoPtpExample/LwIP_HTTP_Server_Socket_RTOS/STM32CubeIDE/Application/User" -O2 -ffunction-sections -fdata-sections -fstack-usage -fcyclomatic-complexity -MMD -MP -MF"Middlewares/LwIP/Api/netdb.d" -MT"Middlewares/LwIP/Api/netdb.o" --specs=nano.specs -mfpu=fpv5-d16 -mfloat-abi=hard -mthumb -o "Middlewares/LwIP/Api/netdb.o"
arm-none-eabi-gcc "C:/Users/chris/Stm32H723NucleoPtpExample/LwIP_HTTP_Server_Socket_RTOS/Middlewares/Third_Party/LwIP/src/api/netifapi.c" -mcpu=cortex-m7 -std=gnu11 -g3 -DUSE_HAL_DRIVER -DSTM32H723xx -DDEBUG -c -I../../Inc -I../../Src -I../../Drivers/CMSIS/Include -I../../Drivers/CMSIS/Device/ST/STM32H7xx/Include -I../../Drivers/STM32H7xx_HAL_Driver/Inc -I../../Drivers/BSP/STM32H7xx_Nucleo -I../../Drivers/BSP/Components/Common -I../../Drivers/BSP/Components -I../../Middlewares/Third_Party/LwIP/src/include -I../../Middlewares/Third_Party/LwIP/system -I../../Middlewares/Third_Party/FreeRTOS/Source/portable/GCC/ARM_CM4F -I../../Middlewares/Third_Party/FreeRTOS/Source -I../../Middlewares/Third_Party/FreeRTOS/Source/CMSIS_RTOS_V2 -I../../Middlewares/Third_Party/FreeRTOS/Source/include -I../../Utilities -I"C:/Users/chris/Stm32H723NucleoPtpExample/LwIP_HTTP_Server_Socket_RTOS/STM32CubeIDE/Application/User/ptpd/src" -I"C:/Users/chris/Stm32H723NucleoPtpExample/LwIP_HTTP_Server_Socket_RTOS/STM32CubeIDE/Application/User" -O2 -ffunction-sections -fdata-sections -fstack-usage -fcyclomatic-complexity -MMD -MP -MF"Middlewares/LwIP/Api/netifapi.d" -MT"Middlewares/LwIP/Api/netifapi.o" --specs=nano.specs -mfpu=fpv5-d16 -mfloat-abi=hard -mthumb -o "Middlewares/LwIP/Api/netifapi.o"
arm-none-eabi-gcc "C:/Users/chris/Stm32H723NucleoPtpExample/LwIP_HTTP_Server_Socket_RTOS/Middlewares/Third_Party/LwIP/src/api/sockets.c" -mcpu=cortex-m7 -std=gnu11 -g3 -DUSE_HAL_DRIVER -DSTM32H723xx -DDEBUG -c -I../../Inc -I../../Src -I../../Drivers/CMSIS/Include -I../../Drivers/CMSIS/Device/ST/STM32H7xx/Include -I../../Drivers/STM32H7xx_HAL_Driver/Inc -I../../Drivers/BSP/STM32H7xx_Nucleo -I../../Drivers/BSP/Components/Common -I../../Drivers/BSP/Components -I../../Middlewares/Third_Party/LwIP/src/include -I../../Middlewares/Third_Party/LwIP/system -I../../Middlewares/Third_Party/FreeRTOS/Source/portable/GCC/ARM_CM4F -I../../Middlewares/Third_Party/FreeRTOS/Source -I../../Middlewares/Third_Party/FreeRTOS/Source/CMSIS_RTOS_V2 -I../../Middlewares/Third_Party/FreeRTOS/Source/include -I../../Utilities -I"C:/Users/chris/Stm32H723NucleoPtpExample/LwIP_HTTP_Server_Socket_RTOS/STM32CubeIDE/Application/User/ptpd/src" -I"C:/Users/chris/Stm32H723NucleoPtpExample/LwIP_HTTP_Server_Socket_RTOS/STM32CubeIDE/Application/User" -O2 -ffunction-sections -fdata-sections -fstack-usage -fcyclomatic-complexity -MMD -MP -MF"Middlewares/LwIP/Api/sockets.d" -MT"Middlewares/LwIP/Api/sockets.o" --specs=nano.specs -mfpu=fpv5-d16 -mfloat-abi=hard -mthumb -o "Middlewares/LwIP/Api/sockets.o"
arm-none-eabi-gcc "C:/Users/chris/Stm32H723NucleoPtpExample/LwIP_HTTP_Server_Socket_RTOS/Middlewares/Third_Party/LwIP/src/api/tcpip.c" -mcpu=cortex-m7 -std=gnu11 -g3 -DUSE_HAL_DRIVER -DSTM32H723xx -DDEBUG -c -I../../Inc -I../../Src -I../../Drivers/CMSIS/Include -I../../Drivers/CMSIS/Device/ST/STM32H7xx/Include -I../../Drivers/STM32H7xx_HAL_Driver/Inc -I../../Drivers/BSP/STM32H7xx_Nucleo -I../../Drivers/BSP/Components/Common -I../../Drivers/BSP/Components -I../../Middlewares/Third_Party/LwIP/src/include -I../../Middlewares/Third_Party/LwIP/system -I../../Middlewares/Third_Party/FreeRTOS/Source/portable/GCC/ARM_CM4F -I../../Middlewares/Third_Party/FreeRTOS/Source -I../../Middlewares/Third_Party/FreeRTOS/Source/CMSIS_RTOS_V2 -I../../Middlewares/Third_Party/FreeRTOS/Source/include -I../../Utilities -I"C:/Users/chris/Stm32H723NucleoPtpExample/LwIP_HTTP_Server_Socket_RTOS/STM32CubeIDE/Application/User/ptpd/src" -I"C:/Users/chris/Stm32H723NucleoPtpExample/LwIP_HTTP_Server_Socket_RTOS/STM32CubeIDE/Application/User" -O2 -ffunction-sections -fdata-sections -fstack-usage -fcyclomatic-complexity -MMD -MP -MF"Middlewares/LwIP/Api/tcpip.d" -MT"Middlewares/LwIP/Api/tcpip.o" --specs=nano.specs -mfpu=fpv5-d16 -mfloat-abi=hard -mthumb -o "Middlewares/LwIP/Api/tcpip.o"
arm-none-eabi-gcc "../Application/User/ptpd/src/ptpd_arith.c" -mcpu=cortex-m7 -std=gnu11 -g3 -DUSE_HAL_DRIVER -DSTM32H723xx -DDEBUG -c -I../../Inc -I../../Src -I../../Drivers/CMSIS/Include -I../../Drivers/CMSIS/Device/ST/STM32H7xx/Include -I../../Drivers/STM32H7xx_HAL_Driver/Inc -I../../Drivers/BSP/STM32H7xx_Nucleo -I../../Drivers/BSP/Components/Common -I../../Drivers/BSP/Components -I../../Middlewares/Third_Party/LwIP/src/include -I../../Middlewares/Third_Party/LwIP/system -I../../Middlewares/Third_Party/FreeRTOS/Source/portable/GCC/ARM_CM4F -I../../Middlewares/Third_Party/FreeRTOS/Source -I../../Middlewares/Third_Party/FreeRTOS/Source/CMSIS_RTOS_V2 -I../../Middlewares/Third_Party/FreeRTOS/Source/include -I../../Utilities -I"C:/Users/chris/Stm32H723NucleoPtpExample/LwIP_HTTP_Server_Socket_RTOS/STM32CubeIDE/Application/User/ptpd/src" -I"C:/Users/chris/Stm32H723NucleoPtpExample/LwIP_HTTP_Server_Socket_RTOS/STM32CubeIDE/Application/User" -O2 -ffunction-sections -fdata-sections -fstack-usage -fcyclomatic-complexity -MMD -MP -MF"Application/User/ptpd/src/ptpd_arith.d" -MT"Application/User/ptpd/src/ptpd_arith.o" --specs=nano.specs -mfpu=fpv5-d16 -mfloat-abi=hard -mthumb -o "Application/User/ptpd/src/ptpd_arith.o"
arm-none-eabi-gcc "../Application/User/ptpd/src/ptpd_bmc.c" -mcpu=cortex-m7 -std=gnu11 -g3 -DUSE_HAL_DRIVER -DSTM32H723xx -DDEBUG -c -I../../Inc -I../../Src -I../../Drivers/CMSIS/Include -I../../Drivers/CMSIS/Device/ST/STM32H7xx/Include -I../../Drivers/STM32H7xx_HAL_Driver/Inc -I../../Drivers/BSP/STM32H7xx_Nucleo -I../../Drivers/BSP/Components/Common -I../../Drivers/BSP/Components -I../../Middlewares/Third_Party/LwIP/src/include -I../../Middlewares/Third_Party/LwIP/system -I../../Middlewares/Third_Party/FreeRTOS/Source/portable/GCC/ARM_CM4F -I../../Middlewares/Third_Party/FreeRTOS/Source -I../../Middlewares/Third_Party/FreeRTOS/Source/CMSIS_RTOS_V2 -I../../Middlewares/Third_Party/FreeRTOS/Source/include -I../../Utilities -I"C:/Users/chris/Stm32H723NucleoPtpExample/LwIP_HTTP_Server_Socket_RTOS/STM32CubeIDE/Application/User/ptpd/src" -I"C:/Users/chris/Stm32H723NucleoPtpExample/LwIP_HTTP_Server_Socket_RTOS/STM32CubeIDE/Application/User" -O2 -ffunction-sections -fdata-sections -fstack-usage -fcyclomatic-complexity -MMD -MP -MF"Application/User/ptpd/src/ptpd_bmc.d" -MT"Application/User/ptpd/src/ptpd_bmc.o" --specs=nano.specs -mfpu=fpv5-d16 -mfloat-abi=hard -mthumb -o "Application/User/ptpd/src/ptpd_bmc.o"
arm-none-eabi-gcc "../Application/User/ptpd/src/ptpd_main.c" -mcpu=cortex-m7 -std=gnu11 -g3 -DUSE_HAL_DRIVER -DSTM32H723xx -DDEBUG -c -I../../Inc -I../../Src -I../../Drivers/CMSIS/Include -I../../Drivers/CMSIS/Device/ST/STM32H7xx/Include -I../../Drivers/STM32H7xx_HAL_Driver/Inc -I../../Drivers/BSP/STM32H7xx_Nucleo -I../../Drivers/BSP/Components/Common -I../../Drivers/BSP/Components -I../../Middlewares/Third_Party/LwIP/src/include -I../../Middlewares/Third_Party/LwIP/system -I../../Middlewares/Third_Party/FreeRTOS/Source/portable/GCC/ARM_CM4F -I../../Middlewares/Third_Party/FreeRTOS/Source -I../../Middlewares/Third_Party/FreeRTOS/Source/CMSIS_RTOS_V2 -I../../Middlewares/Third_Party/FreeRTOS/Source/include -I../../Utilities -I"C:/Users/chris/Stm32H723NucleoPtpExample/LwIP_HTTP_Server_Socket_RTOS/STM32CubeIDE/Application/User/ptpd/src" -I"C:/Users/chris/Stm32H723NucleoPtpExample/LwIP_HTTP_Server_Socket_RTOS/STM32CubeIDE/Application/User" -O2 -ffunction-sections -fdata-sections -fstack-usage -fcyclomatic-complexity -MMD -MP -MF"Application/User/ptpd/src/ptpd_main.d" -MT"Application/User/ptpd/src/ptpd_main.o" --specs=nano.specs -mfpu=fpv5-d16 -mfloat-abi=hard -mthumb -o "Application/User/ptpd/src/ptpd_main.o"
arm-none-eabi-gcc "../Application/User/ptpd/src/ptpd_msg.c" -mcpu=cortex-m7 -std=gnu11 -g3 -DUSE_HAL_DRIVER -DSTM32H723xx -DDEBUG -c -I../../Inc -I../../Src -I../../Drivers/CMSIS/Include -I../../Drivers/CMSIS/Device/ST/STM32H7xx/Include -I../../Drivers/STM32H7xx_HAL_Driver/Inc -I../../Drivers/BSP/STM32H7xx_Nucleo -I../../Drivers/BSP/Components/Common -I../../Drivers/BSP/Components -I../../Middlewares/Third_Party/LwIP/src/include -I../../Middlewares/Third_Party/LwIP/system -I../../Middlewares/Third_Party/FreeRTOS/Source/portable/GCC/ARM_CM4F -I../../Middlewares/Third_Party/FreeRTOS/Source -I../../Middlewares/Third_Party/FreeRTOS/Source/CMSIS_RTOS_V2 -I../../Middlewares/Third_Party/FreeRTOS/Source/include -I../../Utilities -I"C:/Users/chris/Stm32H723NucleoPtpExample/LwIP_HTTP_Server_Socket_RTOS/STM32CubeIDE/Application/User/ptpd/src" -I"C:/Users/chris/Stm32H723NucleoPtpExample/LwIP_HTTP_Server_Socket_RTOS/STM32CubeIDE/Application/User" -O2 -ffunction-sections -fdata-sections -fstack-usage -fcyclomatic-complexity -MMD -MP -MF"Application/User/ptpd/src/ptpd_msg.d" -MT"Application/User/ptpd/src/ptpd_msg.o" --specs=nano.specs -mfpu=fpv5-d16 -mfloat-abi=hard -mthumb -o "Application/User/ptpd/src/ptpd_msg.o"
arm-none-eabi-gcc "../Application/User/ptpd/src/ptpd_net.c" -mcpu=cortex-m7 -std=gnu11 -g3 -DUSE_HAL_DRIVER -DSTM32H723xx -DDEBUG -c -I../../Inc -I../../Src -I../../Drivers/CMSIS/Include -I../../Drivers/CMSIS/Device/ST/STM32H7xx/Include -I../../Drivers/STM32H7xx_HAL_Driver/Inc -I../../Drivers/BSP/STM32H7xx_Nucleo -I../../Drivers/BSP/Components/Common -I../../Drivers/BSP/Components -I../../Middlewares/Third_Party/LwIP/src/include -I../../Middlewares/Third_Party/LwIP/system -I../../Middlewares/Third_Party/FreeRTOS/Source/portable/GCC/ARM_CM4F -I../../Middlewares/Third_Party/FreeRTOS/Source -I../../Middlewares/Third_Party/FreeRTOS/Source/CMSIS_RTOS_V2 -I../../Middlewares/Third_Party/FreeRTOS/Source/include -I../../Utilities -I"C:/Users/chris/Stm32H723NucleoPtpExample/LwIP_HTTP_Server_Socket_RTOS/STM32CubeIDE/Application/User/ptpd/src" -I"C:/Users/chris/Stm32H723NucleoPtpExample/LwIP_HTTP_Server_Socket_RTOS/STM32CubeIDE/Application/User" -O2 -ffunction-sections -fdata-sections -fstack-usage -fcyclomatic-complexity -MMD -MP -MF"Application/User/ptpd/src/ptpd_net.d" -MT"Application/User/ptpd/src/ptpd_net.o" --specs=nano.specs -mfpu=fpv5-d16 -mfloat-abi=hard -mthumb -o "Application/User/ptpd/src/ptpd_net.o"
arm-none-eabi-gcc "../Application/User/ptpd/src/ptpd_protocol.c" -mcpu=cortex-m7 -std=gnu11 -g3 -DUSE_HAL_DRIVER -DSTM32H723xx -DDEBUG -c -I../../Inc -I../../Src -I../../Drivers/CMSIS/Include -I../../Drivers/CMSIS/Device/ST/STM32H7xx/Include -I../../Drivers/STM32H7xx_HAL_Driver/Inc -I../../Drivers/BSP/STM32H7xx_Nucleo -I../../Drivers/BSP/Components/Common -I../../Drivers/BSP/Components -I../../Middlewares/Third_Party/LwIP/src/include -I../../Middlewares/Third_Party/LwIP/system -I../../Middlewares/Third_Party/FreeRTOS/Source/portable/GCC/ARM_CM4F -I../../Middlewares/Third_Party/FreeRTOS/Source -I../../Middlewares/Third_Party/FreeRTOS/Source/CMSIS_RTOS_V2 -I../../Middlewares/Third_Party/FreeRTOS/Source/include -I../../Utilities -I"C:/Users/chris/Stm32H723NucleoPtpExample/LwIP_HTTP_Server_Socket_RTOS/STM32CubeIDE/Application/User/ptpd/src" -I"C:/Users/chris/Stm32H723NucleoPtpExample/LwIP_HTTP_Server_Socket_RTOS/STM32CubeIDE/Application/User" -O2 -ffunction-sections -fdata-sections -fstack-usage -fcyclomatic-complexity -MMD -MP -MF"Application/User/ptpd/src/ptpd_protocol.d" -MT"Application/User/ptpd/src/ptpd_protocol.o" --specs=nano.specs -mfpu=fpv5-d16 -mfloat-abi=hard -mthumb -o "Application/User/ptpd/src/ptpd_protocol.o"
arm-none-eabi-gcc "../Application/User/ptpd/src/ptpd_servo.c" -mcpu=cortex-m7 -std=gnu11 -g3 -DUSE_HAL_DRIVER -DSTM32H723xx -DDEBUG -c -I../../Inc -I../../Src -I../../Drivers/CMSIS/Include -I../../Drivers/CMSIS/Device/ST/STM32H7xx/Include -I../../Drivers/STM32H7xx_HAL_Driver/Inc -I../../Drivers/BSP/STM32H7xx_Nucleo -I../../Drivers/BSP/Components/Common -I../../Drivers/BSP/Components -I../../Middlewares/Third_Party/LwIP/src/include -I../../Middlewares/Third_Party/LwIP/system -I../../Middlewares/Third_Party/FreeRTOS/Source/portable/GCC/ARM_CM4F -I../../Middlewares/Third_Party/FreeRTOS/Source -I../../Middlewares/Third_Party/FreeRTOS/Source/CMSIS_RTOS_V2 -I../../Middlewares/Third_Party/FreeRTOS/Source/include -I../../Utilities -I"C:/Users/chris/Stm32H723NucleoPtpExample/LwIP_HTTP_Server_Socket_RTOS/STM32CubeIDE/Application/User/ptpd/src" -I"C:/Users/chris/Stm32H723NucleoPtpExample/LwIP_HTTP_Server_Socket_RTOS/STM32CubeIDE/Application/User" -O2 -ffunction-sections -fdata-sections -fstack-usage -fcyclomatic-complexity -MMD -MP -MF"Application/User/ptpd/src/ptpd_servo.d" -MT"Application/User/ptpd/src/ptpd_servo.o" --specs=nano.specs -mfpu=fpv5-d16 -mfloat-abi=hard -mthumb -o "Application/User/ptpd/src/ptpd_servo.o"
arm-none-eabi-gcc "../Application/User/ptpd/src/ptpd_time.c" -mcpu=cortex-m7 -std=gnu11 -g3 -DUSE_HAL_DRIVER -DSTM32H723xx -DDEBUG -c -I../../Inc -I../../Src -I../../Drivers/CMSIS/Include -I../../Drivers/CMSIS/Device/ST/STM32H7xx/Include -I../../Drivers/STM32H7xx_HAL_Driver/Inc -I../../Drivers/BSP/STM32H7xx_Nucleo -I../../Drivers/BSP/Components/Common -I../../Drivers/BSP/Components -I../../Middlewares/Third_Party/LwIP/src/include -I../../Middlewares/Third_Party/LwIP/system -I../../Middlewares/Third_Party/FreeRTOS/Source/portable/GCC/ARM_CM4F -I../../Middlewares/Third_Party/FreeRTOS/Source -I../../Middlewares/Third_Party/FreeRTOS/Source/CMSIS_RTOS_V2 -I../../Middlewares/Third_Party/FreeRTOS/Source/include -I../../Utilities -I"C:/Users/chris/Stm32H723NucleoPtpExample/LwIP_HTTP_Server_Socket_RTOS/STM32CubeIDE/Application/User/ptpd/src" -I"C:/Users/chris/Stm32H723NucleoPtpExample/LwIP_HTTP_Server_Socket_RTOS/STM32CubeIDE/Application/User" -O2 -ffunction-sections -fdata-sections -fstack-usage -fcyclomatic-complexity -MMD -MP -MF"Application/User/ptpd/src/ptpd_time.d" -MT"Application/User/ptpd/src/ptpd_time.o" --specs=nano.specs -mfpu=fpv5-d16 -mfloat-abi=hard -mthumb -o "Application/User/ptpd/src/ptpd_time.o"
arm-none-eabi-gcc "../Application/User/ptpd/src/ptpd_timer.c" -mcpu=cortex-m7 -std=gnu11 -g3 -DUSE_HAL_DRIVER -DSTM32H723xx -DDEBUG -c -I../../Inc -I../../Src -I../../Drivers/CMSIS/Include -I../../Drivers/CMSIS/Device/ST/STM32H7xx/Include -I../../Drivers/STM32H7xx_HAL_Driver/Inc -I../../Drivers/BSP/STM32H7xx_Nucleo -I../../Drivers/BSP/Components/Common -I../../Drivers/BSP/Components -I../../Middlewares/Third_Party/LwIP/src/include -I../../Middlewares/Third_Party/LwIP/system -I../../Middlewares/Third_Party/FreeRTOS/Source/portable/GCC/ARM_CM4F -I../../Middlewares/Third_Party/FreeRTOS/Source -I../../Middlewares/Third_Party/FreeRTOS/Source/CMSIS_RTOS_V2 -I../../Middlewares/Third_Party/FreeRTOS/Source/include -I../../Utilities -I"C:/Users/chris/Stm32H723NucleoPtpExample/LwIP_HTTP_Server_Socket_RTOS/STM32CubeIDE/Application/User/ptpd/src" -I"C:/Users/chris/Stm32H723NucleoPtpExample/LwIP_HTTP_Server_Socket_RTOS/STM32CubeIDE/Application/User" -O2 -ffunction-sections -fdata-sections -fstack-usage -fcyclomatic-complexity -MMD -MP -MF"Application/User/ptpd/src/ptpd_timer.d" -MT"Application/User/ptpd/src/ptpd_timer.o" --specs=nano.specs -mfpu=fpv5-d16 -mfloat-abi=hard -mthumb -o "Application/User/ptpd/src/ptpd_timer.o"
arm-none-eabi-gcc "C:/Users/chris/Stm32H723NucleoPtpExample/LwIP_HTTP_Server_Socket_RTOS/Src/app_ethernet.c" -mcpu=cortex-m7 -std=gnu11 -g3 -DUSE_HAL_DRIVER -DSTM32H723xx -DDEBUG -c -I../../Inc -I../../Src -I../../Drivers/CMSIS/Include -I../../Drivers/CMSIS/Device/ST/STM32H7xx/Include -I../../Drivers/STM32H7xx_HAL_Driver/Inc -I../../Drivers/BSP/STM32H7xx_Nucleo -I../../Drivers/BSP/Components/Common -I../../Drivers/BSP/Components -I../../Middlewares/Third_Party/LwIP/src/include -I../../Middlewares/Third_Party/LwIP/system -I../../Middlewares/Third_Party/FreeRTOS/Source/portable/GCC/ARM_CM4F -I../../Middlewares/Third_Party/FreeRTOS/Source -I../../Middlewares/Third_Party/FreeRTOS/Source/CMSIS_RTOS_V2 -I../../Middlewares/Third_Party/FreeRTOS/Source/include -I../../Utilities -I"C:/Users/chris/Stm32H723NucleoPtpExample/LwIP_HTTP_Server_Socket_RTOS/STM32CubeIDE/Application/User/ptpd/src" -I"C:/Users/chris/Stm32H723NucleoPtpExample/LwIP_HTTP_Server_Socket_RTOS/STM32CubeIDE/Application/User" -O2 -ffunction-sections -fdata-sections -fstack-usage -fcyclomatic-complexity -MMD -MP -MF"Application/User/app_ethernet.d" -MT"Application/User/app_ethernet.o" --specs=nano.specs -mfpu=fpv5-d16 -mfloat-abi=hard -mthumb -o "Application/User/app_ethernet.o"
arm-none-eabi-gcc "C:/Users/chris/Stm32H723NucleoPtpExample/LwIP_HTTP_Server_Socket_RTOS/Src/ethernetif.c" -mcpu=cortex-m7 -std=gnu11 -g3 -DUSE_HAL_DRIVER -DSTM32H723xx -DDEBUG -c -I../../Inc -I../../Src -I../../Drivers/CMSIS/Include -I../../Drivers/CMSIS/Device/ST/STM32H7xx/Include -I../../Drivers/STM32H7xx_HAL_Driver/Inc -I../../Drivers/BSP/STM32H7xx_Nucleo -I../../Drivers/BSP/Components/Common -I../../Drivers/BSP/Components -I../../Middlewares/Third_Party/LwIP/src/include -I../../Middlewares/Third_Party/LwIP/system -I../../Middlewares/Third_Party/FreeRTOS/Source/portable/GCC/ARM_CM4F -I../../Middlewares/Third_Party/FreeRTOS/Source -I../../Middlewares/Third_Party/FreeRTOS/Source/CMSIS_RTOS_V2 -I../../Middlewares/Third_Party/FreeRTOS/Source/include -I../../Utilities -I"C:/Users/chris/Stm32H723NucleoPtpExample/LwIP_HTTP_Server_Socket_RTOS/STM32CubeIDE/Application/User/ptpd/src" -I"C:/Users/chris/Stm32H723NucleoPtpExample/LwIP_HTTP_Server_Socket_RTOS/STM32CubeIDE/Application/User" -O2 -ffunction-sections -fdata-sections -fstack-usage -fcyclomatic-complexity -MMD -MP -MF"Application/User/ethernetif.d" -MT"Application/User/ethernetif.o" --specs=nano.specs -mfpu=fpv5-d16 -mfloat-abi=hard -mthumb -o "Application/User/ethernetif.o"
arm-none-eabi-gcc "C:/Users/chris/Stm32H723NucleoPtpExample/LwIP_HTTP_Server_Socket_RTOS/Src/httpserver_socket.c" -mcpu=cortex-m7 -std=gnu11 -g3 -DUSE_HAL_DRIVER -DSTM32H723xx -DDEBUG -c -I../../Inc -I../../Src -I../../Drivers/CMSIS/Include -I../../Drivers/CMSIS/Device/ST/STM32H7xx/Include -I../../Drivers/STM32H7xx_HAL_Driver/Inc -I../../Drivers/BSP/STM32H7xx_Nucleo -I../../Drivers/BSP/Components/Common -I../../Drivers/BSP/Components -I../../Middlewares/Third_Party/LwIP/src/include -I../../Middlewares/Third_Party/LwIP/system -I../../Middlewares/Third_Party/FreeRTOS/Source/portable/GCC/ARM_CM4F -I../../Middlewares/Third_Party/FreeRTOS/Source -I../../Middlewares/Third_Party/FreeRTOS/Source/CMSIS_RTOS_V2 -I../../Middlewares/Third_Party/FreeRTOS/Source/include -I../../Utilities -I"C:/Users/chris/Stm32H723NucleoPtpExample/LwIP_HTTP_Server_Socket_RTOS/STM32CubeIDE/Application/User/ptpd/src" -I"C:/Users/chris/Stm32H723NucleoPtpExample/LwIP_HTTP_Server_Socket_RTOS/STM32CubeIDE/Application/User" -O2 -ffunction-sections -fdata-sections -fstack-usage -fcyclomatic-complexity -MMD -MP -MF"Application/User/httpserver_socket.d" -MT"Application/User/httpserver_socket.o" --specs=nano.specs -mfpu=fpv5-d16 -mfloat-abi=hard -mthumb -o "Application/User/httpserver_socket.o"
arm-none-eabi-gcc "C:/Users/chris/Stm32H723NucleoPtpExample/LwIP_HTTP_Server_Socket_RTOS/Src/main.c" -mcpu=cortex-m7 -std=gnu11 -g3 -DUSE_HAL_DRIVER -DSTM32H723xx -DDEBUG -c -I../../Inc -I../../Src -I../../Drivers/CMSIS/Include -I../../Drivers/CMSIS/Device/ST/STM32H7xx/Include -I../../Drivers/STM32H7xx_HAL_Driver/Inc -I../../Drivers/BSP/STM32H7xx_Nucleo -I../../Drivers/BSP/Components/Common -I../../Drivers/BSP/Components -I../../Middlewares/Third_Party/LwIP/src/include -I../../Middlewares/Third_Party/LwIP/system -I../../Middlewares/Third_Party/FreeRTOS/Source/portable/GCC/ARM_CM4F -I../../Middlewares/Third_Party/FreeRTOS/Source -I../../Middlewares/Third_Party/FreeRTOS/Source/CMSIS_RTOS_V2 -I../../Middlewares/Third_Party/FreeRTOS/Source/include -I../../Utilities -I"C:/Users/chris/Stm32H723NucleoPtpExample/LwIP_HTTP_Server_Socket_RTOS/STM32CubeIDE/Application/User/ptpd/src" -I"C:/Users/chris/Stm32H723NucleoPtpExample/LwIP_HTTP_Server_Socket_RTOS/STM32CubeIDE/Application/User" -O2 -ffunction-sections -fdata-sections -fstack-usage -fcyclomatic-complexity -MMD -MP -MF"Application/User/main.d" -MT"Application/User/main.o" --specs=nano.specs -mfpu=fpv5-d16 -mfloat-abi=hard -mthumb -o "Application/User/main.o"
arm-none-eabi-gcc -o "LwIP_HTTP_Server_Socket_RTOS.elf" @"objects.list"   -mcpu=cortex-m7 -T"C:\Users\chris\Stm32H723NucleoPtpExample\LwIP_HTTP_Server_Socket_RTOS\STM32CubeIDE\STM32H723ZGTX_FLASH.ld" --specs=nosys.specs -Wl,-Map="LwIP_HTTP_Server_Socket_RTOS.map" -Wl,--gc-sections -static --specs=nano.specs -mfpu=fpv5-d16 -mfloat-abi=hard -mthumb -u _printf_float -Wl,--start-group -lc -lm -Wl,--end-group
Finished building target: LwIP_HTTP_Server_Socket_RTOS.elf
 
arm-none-eabi-size  LwIP_HTTP_Server_Socket_RTOS.elf 
arm-none-eabi-objdump -h -S LwIP_HTTP_Server_Socket_RTOS.elf  > "LwIP_HTTP_Server_Socket_RTOS.list"
   text	   data	    bss	    dec	    hex	filename
 183944	    504	  89835	 274283	  42f6b	LwIP_HTTP_Server_Socket_RTOS.elf
Finished building: default.size.stdout
 
Finished building: LwIP_HTTP_Server_Socket_RTOS.list
 
